2026-08-27 11:29:31 +0000 - dagster - DEBUG - realtime_mlsecops_job - a77d0d14-7e68-4f43-b904-1de3c9b9a83d - 21909 - LOGS_CAPTURED - Capturing logs for process (pid: 21909).
2026-08-27 11:29:31 +0000 - dagster - DEBUG - realtime_mlsecops_job - a77d0d14-7e68-4f43-b904-1de3c9b9a83d - 21909 - streaming_cleaning_asset - STEP_START - Started execution of step "streaming_cleaning_asset".
2026-08-27 11:29:31,982 - INFO - Context impl SQLiteImpl.
2026-08-27 11:29:31,982 - INFO - Will assume non-transactional DDL.
2026-08-27 11:29:32 +0000 - dagster - INFO - realtime_mlsecops_job - a77d0d14-7e68-4f43-b904-1de3c9b9a83d - streaming_cleaning_asset - Lancement du processeur de nettoyage de flux...
2026-08-27 11:29:32 +0000 - dagster - INFO - realtime_mlsecops_job - a77d0d14-7e68-4f43-b904-1de3c9b9a83d - streaming_cleaning_asset - Lancement du processeur de nettoyage de flux (objectif None événements)...
2026-08-27 11:29:32,079 - INFO - Creating Kafka consumer/producer (attempt=1) to redpanda:9092
2026-08-27 11:29:32,080 - INFO - IO loop starting (client_id=kafka-python-3.0.11)
2026-08-27 11:29:32,081 - INFO - Attempting bootstrap to bootstrap-0 at redpanda:9092 (rack None)
2026-08-27 11:29:32,081 - INFO - Initializing connection for node_id bootstrap-0 at redpanda:9092 (rack=None)
2026-08-27 11:29:32,104 - INFO - <KafkaTCPTransport [172.18.0.2:9092<-35116]>: connected to <socket.socket fd=19, family=AddressFamily.AF_INET, type=SocketKind.SOCK_STREAM, proto=6, laddr=('172.18.0.5', 35116), raddr=('172.18.0.2', 9092)>
2026-08-27 11:29:32,116 - INFO - <KafkaConnection node_id=bootstrap-0 host=[172.18.0.2:9092<-35116] broker_version=unknown (initializing)>: Broker version identified as 3.1
2026-08-27 11:29:32,117 - INFO - <KafkaConnection node_id=bootstrap-0 host=[172.18.0.2:9092<-35116] broker_version=(3, 1) (connected)>: Connected
2026-08-27 11:29:32,125 - INFO - Updated metadata: ClusterMetadata(brokers: 1, topics: 0, coordinators: 0)
2026-08-27 11:29:32,125 - INFO - Bootstrap complete: ClusterMetadata(brokers: 1, topics: 0, coordinators: 0)
2026-08-27 11:29:32,125 - INFO - Closing bootstrap connection bootstrap-0
2026-08-27 11:29:32,125 - INFO - <KafkaTCPTransport [172.18.0.2:9092<-35116]>: Closing transport
2026-08-27 11:29:32,129 - INFO - <KafkaConnection node_id=bootstrap-0 broker_version=(3, 1) (disconnected)>: Connection closed
2026-08-27 11:29:32,130 - INFO - Starting metadata refresh loop
2026-08-27 11:29:32,132 - INFO - Updating subscribed topics to: ('raw-logs',)
2026-08-27 11:29:32,134 - INFO - Attempting bootstrap to bootstrap-0 at redpanda:9092 (rack None)
2026-08-27 11:29:32,134 - INFO - Initializing connection for node_id bootstrap-0 at redpanda:9092 (rack=None)
2026-08-27 11:29:32,137 - INFO - <KafkaTCPTransport [172.18.0.2:9092<-35120]>: connected to <socket.socket fd=22, family=AddressFamily.AF_INET, type=SocketKind.SOCK_STREAM, proto=6, laddr=('172.18.0.5', 35120), raddr=('172.18.0.2', 9092)>
2026-08-27 11:29:32,139 - INFO - <KafkaConnection node_id=bootstrap-0 host=[172.18.0.2:9092<-35120] broker_version=unknown (initializing)>: Broker version identified as 3.1
2026-08-27 11:29:32,139 - INFO - <KafkaConnection node_id=bootstrap-0 host=[172.18.0.2:9092<-35120] broker_version=(3, 1) (connected)>: Connected
2026-08-27 11:29:32,141 - INFO - Updated metadata: ClusterMetadata(brokers: 1, topics: 0, coordinators: 0)
2026-08-27 11:29:32,142 - INFO - Bootstrap complete: ClusterMetadata(brokers: 1, topics: 0, coordinators: 0)
2026-08-27 11:29:32,143 - INFO - Closing bootstrap connection bootstrap-0
2026-08-27 11:29:32,143 - INFO - <KafkaTCPTransport [172.18.0.2:9092<-35120]>: Closing transport
2026-08-27 11:29:32,143 - INFO - <KafkaConnection node_id=bootstrap-0 broker_version=(3, 1) (disconnected)>: Connection closed
2026-08-27 11:29:32,143 - INFO - Starting metadata refresh loop
2026-08-27 11:29:32,143 - WARNING - <KafkaProducer client_id=kafka-python-producer-1 transactional_id=None>: Idempotence will be disabled because user-provided config conflicts with idempotent defaults: acks=1
2026-08-27 11:29:32,145 - INFO - Kafka consumer/producer bootstrap succeeded (max_poll_records=5000)
2026-08-27 11:29:32,145 - INFO - Nettoyage du flux : objectif ILLIMITÉ événements (mode export='w', poll_timeout=5000ms)
2026-08-27 11:29:32,150 - INFO - Initializing connection for node_id 0 at redpanda:9092 (rack=None)
2026-08-27 11:29:32,151 - INFO - <KafkaTCPTransport [172.18.0.2:9092<-35122]>: connected to <socket.socket fd=23, family=AddressFamily.AF_INET, type=SocketKind.SOCK_STREAM, proto=6, laddr=('172.18.0.5', 35122), raddr=('172.18.0.2', 9092)>
2026-08-27 11:29:32,154 - INFO - <KafkaConnection node_id=0 host=[172.18.0.2:9092<-35122] broker_version=(3, 1) (connected)>: Connected
2026-08-27 11:29:32,160 - INFO - Coordinator for GROUP/cleaner-group is MetadataResponseBroker(node_id='coordinator-0', host='redpanda', port=9092, rack=None)
2026-08-27 11:29:32,160 - INFO - Discovered coordinator coordinator-0 for group cleaner-group
2026-08-27 11:29:32,161 - INFO - Initializing connection for node_id coordinator-0 at redpanda:9092 (rack=None)
2026-08-27 11:29:32,164 - INFO - <KafkaTCPTransport [172.18.0.2:9092<-35136]>: connected to <socket.socket fd=24, family=AddressFamily.AF_INET, type=SocketKind.SOCK_STREAM, proto=6, laddr=('172.18.0.5', 35136), raddr=('172.18.0.2', 9092)>
2026-08-27 11:29:32,166 - INFO - Revoking previously assigned partitions set() for group cleaner-group
2026-08-27 11:29:32,167 - INFO - (Re-)joining group cleaner-group
2026-08-27 11:29:32,170 - INFO - <KafkaConnection node_id=coordinator-0 host=[172.18.0.2:9092<-35136] broker_version=(3, 1) (connected)>: Connected
2026-08-27 11:29:32,174 - INFO - Received member id kafka-python-3.0.11-18b4e1c0-81e5-4bff-b0ad-cdc5cf1e29d5 for group cleaner-group; will retry join-group
2026-08-27 11:29:32,174 - INFO - (Re-)joining group cleaner-group
2026-08-27 11:29:32,180 - INFO - Successfully joined group cleaner-group <Generation 11 (member_id: kafka-python-3.0.11-18b4e1c0-81e5-4bff-b0ad-cdc5cf1e29d5, protocol: range)>
2026-08-27 11:29:32,180 - INFO - Elected group leader -- performing partition assignments using range
2026-08-27 11:29:32,180 - WARNING - No partition metadata for topic raw-logs
2026-08-27 11:29:32,189 - INFO - Updated partition assignment: []
2026-08-27 11:29:32,189 - INFO - Setting newly assigned partitions set() for group cleaner-group
2026-08-27 11:29:32,228 - INFO - Updated metadata: ClusterMetadata(brokers: 1, topics: 1, coordinators: 1)
2026-08-27 11:29:32,292 - INFO - Revoking previously assigned partitions set() for group cleaner-group
2026-08-27 11:29:32,293 - INFO - (Re-)joining group cleaner-group
2026-08-27 11:29:32,295 - INFO - Successfully joined group cleaner-group <Generation 12 (member_id: kafka-python-3.0.11-18b4e1c0-81e5-4bff-b0ad-cdc5cf1e29d5, protocol: range)>
2026-08-27 11:29:32,295 - INFO - Elected group leader -- performing partition assignments using range
2026-08-27 11:29:32,298 - INFO - Updated partition assignment: [TopicPartition(topic='raw-logs', partition=0)]
2026-08-27 11:29:32,298 - INFO - Setting newly assigned partitions {TopicPartition(topic='raw-logs', partition=0)} for group cleaner-group
2026-08-27 11:29:33,078 - INFO - Updated metadata: ClusterMetadata(brokers: 1, topics: 1, coordinators: 1)
2026-08-27 11:29:33,412 - INFO - Initializing connection for node_id 0 at redpanda:9092 (rack=None)
2026-08-27 11:29:33,414 - INFO - <KafkaTCPTransport [172.18.0.2:9092<-35144]>: connected to <socket.socket fd=25, family=AddressFamily.AF_INET, type=SocketKind.SOCK_STREAM, proto=6, laddr=('172.18.0.5', 35144), raddr=('172.18.0.2', 9092)>
2026-08-27 11:29:33,417 - INFO - <KafkaConnection node_id=0 host=[172.18.0.2:9092<-35144] broker_version=(3, 1) (connected)>: Connected
2026-08-27 11:29:33,418 - INFO - Updated metadata: ClusterMetadata(brokers: 1, topics: 1, coordinators: 0)
2026-08-27 11:29:35,152 - INFO - Progression nettoyage : 5000/ILLIMITÉ (1663 msg/s, 0 attaques)
2026-08-27 11:29:37,794 - INFO - Progression nettoyage : 10000/ILLIMITÉ (1770 msg/s, 7 attaques)
2026-08-27 11:29:40,044 - INFO - Progression nettoyage : 15000/ILLIMITÉ (1899 msg/s, 7 attaques)
2026-08-27 11:29:42,612 - INFO - Progression nettoyage : 20000/ILLIMITÉ (1911 msg/s, 7 attaques)
2026-08-27 11:29:44,822 - INFO - Progression nettoyage : 25000/ILLIMITÉ (1972 msg/s, 7 attaques)
2026-08-27 11:29:47,027 - INFO - Progression nettoyage : 30000/ILLIMITÉ (2016 msg/s, 7 attaques)
2026-08-27 11:29:47,936 - WARNING - Task <kafka.net.selector.Task object at 0x7dbaa4506b90> ran for 0.154s (>0.100s threshold). It is blocking the event loop -- likely a tight sync loop inside a coroutine. Other pollers will time out.
2026-08-27 11:29:49,507 - INFO - Progression nettoyage : 35000/ILLIMITÉ (2016 msg/s, 7 attaques)
2026-08-27 11:29:51,961 - INFO - Progression nettoyage : 40000/ILLIMITÉ (2019 msg/s, 7 attaques)
2026-08-27 11:29:54,143 - INFO - Progression nettoyage : 45000/ILLIMITÉ (2046 msg/s, 7 attaques)
2026-08-27 11:29:58,981 - INFO - Progression nettoyage : 50000/ILLIMITÉ (1863 msg/s, 7 attaques)
2026-08-27 11:30:01,188 - INFO - Progression nettoyage : 55000/ILLIMITÉ (1894 msg/s, 7 attaques)
2026-08-27 11:30:02,617 - WARNING - Task <kafka.net.selector.Task object at 0x7dbaa87af430> ran for 0.132s (>0.100s threshold). It is blocking the event loop -- likely a tight sync loop inside a coroutine. Other pollers will time out.
2026-08-27 11:30:03,729 - INFO - Progression nettoyage : 60000/ILLIMITÉ (1900 msg/s, 7 attaques)
2026-08-27 11:30:05,808 - INFO - Progression nettoyage : 65000/ILLIMITÉ (1931 msg/s, 7 attaques)
2026-08-27 11:30:07,870 - INFO - Progression nettoyage : 70000/ILLIMITÉ (1959 msg/s, 7 attaques)
2026-08-27 11:30:10,163 - INFO - Progression nettoyage : 75000/ILLIMITÉ (1973 msg/s, 7 attaques)
2026-08-27 11:30:12,366 - INFO - Progression nettoyage : 80000/ILLIMITÉ (1989 msg/s, 8 attaques)
2026-08-27 11:30:14,503 - INFO - Progression nettoyage : 85000/ILLIMITÉ (2007 msg/s, 8 attaques)
2026-08-27 11:30:16,598 - INFO - Progression nettoyage : 90000/ILLIMITÉ (2025 msg/s, 8 attaques)
2026-08-27 11:30:18,753 - INFO - Progression nettoyage : 95000/ILLIMITÉ (2038 msg/s, 8 attaques)
2026-08-27 11:30:19,367 - INFO - Progression nettoyage : 96362/ILLIMITÉ (2041 msg/s, 8 attaques)
2026-08-27 11:30:21,941 - INFO - Progression nettoyage : 101362/ILLIMITÉ (2036 msg/s, 8 attaques)
2026-08-27 11:30:24,339 - INFO - Progression nettoyage : 106362/ILLIMITÉ (2038 msg/s, 8 attaques)
2026-08-27 11:30:26,472 - INFO - Progression nettoyage : 111362/ILLIMITÉ (2050 msg/s, 27 attaques)
2026-08-27 11:30:31,702 - INFO - Progression nettoyage : 116362/ILLIMITÉ (1954 msg/s, 506 attaques)
2026-08-27 11:30:34,286 - INFO - Progression nettoyage : 121362/ILLIMITÉ (1953 msg/s, 506 attaques)
2026-08-27 11:30:36,850 - INFO - Progression nettoyage : 126362/ILLIMITÉ (1953 msg/s, 1623 attaques)
2026-08-27 11:30:39,324 - INFO - Progression nettoyage : 131362/ILLIMITÉ (1955 msg/s, 1623 attaques)
2026-08-27 11:30:41,787 - INFO - Progression nettoyage : 136362/ILLIMITÉ (1958 msg/s, 1623 attaques)
2026-08-27 11:30:44,450 - INFO - Progression nettoyage : 141362/ILLIMITÉ (1955 msg/s, 1623 attaques)
2026-08-27 11:30:46,826 - INFO - Progression nettoyage : 146362/ILLIMITÉ (1960 msg/s, 1631 attaques)
2026-08-27 11:30:49,376 - INFO - Progression nettoyage : 151362/ILLIMITÉ (1960 msg/s, 1917 attaques)
2026-08-27 11:30:51,955 - INFO - Progression nettoyage : 156362/ILLIMITÉ (1959 msg/s, 2517 attaques)
2026-08-27 11:30:54,546 - INFO - Progression nettoyage : 161362/ILLIMITÉ (1958 msg/s, 3838 attaques)
2026-08-27 11:30:56,691 - INFO - Progression nettoyage : 166362/ILLIMITÉ (1968 msg/s, 6289 attaques)
2026-08-27 11:30:58,027 - WARNING - Task <kafka.net.selector.Task object at 0x7dbaa4506b90> ran for 0.114s (>0.100s threshold). It is blocking the event loop -- likely a tight sync loop inside a coroutine. Other pollers will time out.
2026-08-27 11:30:58,882 - INFO - Progression nettoyage : 171362/ILLIMITÉ (1976 msg/s, 6289 attaques)
2026-08-27 11:31:01,989 - INFO - Progression nettoyage : 176362/ILLIMITÉ (1963 msg/s, 6291 attaques)
2026-08-27 11:31:04,602 - INFO - Progression nettoyage : 181362/ILLIMITÉ (1962 msg/s, 6291 attaques)
2026-08-27 11:31:06,938 - INFO - Progression nettoyage : 186362/ILLIMITÉ (1966 msg/s, 6329 attaques)
2026-08-27 11:31:09,327 - INFO - Progression nettoyage : 191362/ILLIMITÉ (1969 msg/s, 6696 attaques)
2026-08-27 11:31:10,088 - INFO - Progression nettoyage : 192729/ILLIMITÉ (1968 msg/s, 7000 attaques)
2026-08-27 11:31:12,772 - INFO - Progression nettoyage : 197729/ILLIMITÉ (1965 msg/s, 7226 attaques)
2026-08-27 11:31:15,176 - INFO - Progression nettoyage : 202729/ILLIMITÉ (1968 msg/s, 9955 attaques)
2026-08-27 11:31:17,331 - INFO - Progression nettoyage : 207729/ILLIMITÉ (1975 msg/s, 12226 attaques)
2026-08-27 11:31:20,295 - INFO - Progression nettoyage : 212729/ILLIMITÉ (1967 msg/s, 12226 attaques)
2026-08-27 11:31:23,618 - INFO - Progression nettoyage : 217729/ILLIMITÉ (1953 msg/s, 12226 attaques)
2026-08-27 11:31:26,625 - INFO - Progression nettoyage : 222729/ILLIMITÉ (1946 msg/s, 12226 attaques)
2026-08-27 11:31:29,540 - INFO - Progression nettoyage : 227729/ILLIMITÉ (1940 msg/s, 12272 attaques)
2026-08-27 11:31:34,757 - INFO - Progression nettoyage : 232729/ILLIMITÉ (1898 msg/s, 12686 attaques)
2026-08-27 11:31:40,425 - INFO - Progression nettoyage : 237729/ILLIMITÉ (1853 msg/s, 13126 attaques)
2026-08-27 11:31:51,036 - INFO - Progression nettoyage : 242729/ILLIMITÉ (1748 msg/s, 14199 attaques)
2026-08-27 11:32:00,018 - INFO - Progression nettoyage : 247729/ILLIMITÉ (1675 msg/s, 15858 attaques)
2026-08-27 11:32:05,689 - INFO - Progression nettoyage : 252729/ILLIMITÉ (1646 msg/s, 15858 attaques)
2026-08-27 11:32:09,330 - INFO - Progression nettoyage : 257729/ILLIMITÉ (1640 msg/s, 15858 attaques)
2026-08-27 11:32:12,471 - INFO - Progression nettoyage : 262729/ILLIMITÉ (1639 msg/s, 15858 attaques)
2026-08-27 11:32:14,462 - WARNING - Task <kafka.net.selector.Task object at 0x7dbaa4129e40> ran for 0.122s (>0.100s threshold). It is blocking the event loop -- likely a tight sync loop inside a coroutine. Other pollers will time out.
2026-08-27 11:32:15,364 - INFO - Progression nettoyage : 267729/ILLIMITÉ (1640 msg/s, 15992 attaques)
2026-08-27 11:32:18,473 - INFO - Progression nettoyage : 272729/ILLIMITÉ (1640 msg/s, 16469 attaques)
2026-08-27 11:32:21,071 - INFO - Progression nettoyage : 277729/ILLIMITÉ (1644 msg/s, 16992 attaques)
2026-08-27 11:32:23,638 - INFO - Progression nettoyage : 282729/ILLIMITÉ (1649 msg/s, 20070 attaques)
2026-08-27 11:32:26,257 - INFO - Progression nettoyage : 287729/ILLIMITÉ (1653 msg/s, 22259 attaques)
2026-08-27 11:32:27,839 - INFO - Progression nettoyage : 290643/ILLIMITÉ (1654 msg/s, 22329 attaques)
2026-08-27 11:32:30,110 - INFO - Progression nettoyage : 295643/ILLIMITÉ (1661 msg/s, 22329 attaques)
2026-08-27 11:32:32,422 - INFO - Progression nettoyage : 300643/ILLIMITÉ (1668 msg/s, 22329 attaques)
2026-08-27 11:32:35,481 - INFO - Progression nettoyage : 305643/ILLIMITÉ (1667 msg/s, 22341 attaques)
2026-08-27 11:32:37,689 - INFO - Progression nettoyage : 310643/ILLIMITÉ (1674 msg/s, 22588 attaques)
2026-08-27 11:32:40,277 - INFO - Progression nettoyage : 315643/ILLIMITÉ (1678 msg/s, 23186 attaques)
2026-08-27 11:32:42,607 - INFO - Progression nettoyage : 320643/ILLIMITÉ (1684 msg/s, 23736 attaques)
2026-08-27 11:32:44,667 - INFO - Progression nettoyage : 325643/ILLIMITÉ (1691 msg/s, 25703 attaques)
2026-08-27 11:32:46,795 - INFO - Progression nettoyage : 330643/ILLIMITÉ (1699 msg/s, 25837 attaques)
2026-08-27 11:32:48,898 - INFO - Progression nettoyage : 335643/ILLIMITÉ (1706 msg/s, 25837 attaques)
2026-08-27 11:32:51,708 - INFO - Progression nettoyage : 340643/ILLIMITÉ (1707 msg/s, 25837 attaques)
2026-08-27 11:32:53,961 - INFO - Progression nettoyage : 345643/ILLIMITÉ (1713 msg/s, 25855 attaques)
2026-08-27 11:32:56,213 - INFO - Progression nettoyage : 350643/ILLIMITÉ (1718 msg/s, 26076 attaques)
2026-08-27 11:32:58,451 - INFO - Progression nettoyage : 355643/ILLIMITÉ (1724 msg/s, 26568 attaques)
2026-08-27 11:33:00,633 - INFO - Progression nettoyage : 360643/ILLIMITÉ (1730 msg/s, 28034 attaques)
2026-08-27 11:33:02,651 - INFO - Progression nettoyage : 365643/ILLIMITÉ (1737 msg/s, 32053 attaques)
2026-08-27 11:33:07,500 - INFO - Progression nettoyage : 370643/ILLIMITÉ (1721 msg/s, 32053 attaques)
2026-08-27 11:33:09,764 - INFO - Progression nettoyage : 375643/ILLIMITÉ (1726 msg/s, 32053 attaques)
2026-08-27 11:33:12,183 - INFO - Progression nettoyage : 380643/ILLIMITÉ (1730 msg/s, 32053 attaques)
2026-08-27 11:33:14,508 - INFO - Progression nettoyage : 385643/ILLIMITÉ (1734 msg/s, 32087 attaques)
2026-08-27 11:33:15,889 - INFO - Progression nettoyage : 388910/ILLIMITÉ (1738 msg/s, 32201 attaques)
2026-08-27 11:33:18,223 - INFO - Progression nettoyage : 393910/ILLIMITÉ (1742 msg/s, 32686 attaques)
2026-08-27 11:33:20,554 - INFO - Progression nettoyage : 398910/ILLIMITÉ (1746 msg/s, 32950 attaques)
2026-08-27 11:33:22,785 - INFO - Progression nettoyage : 403910/ILLIMITÉ (1751 msg/s, 34389 attaques)
2026-08-27 11:33:24,942 - INFO - Progression nettoyage : 408910/ILLIMITÉ (1757 msg/s, 35479 attaques)
2026-08-27 11:33:27,126 - INFO - Progression nettoyage : 413910/ILLIMITÉ (1761 msg/s, 35479 attaques)
2026-08-27 11:33:29,341 - INFO - Progression nettoyage : 418910/ILLIMITÉ (1766 msg/s, 35479 attaques)
2026-08-27 11:33:31,317 - INFO - Progression nettoyage : 423910/ILLIMITÉ (1772 msg/s, 35479 attaques)
2026-08-27 11:33:33,251 - WARNING - Task <kafka.net.selector.Task object at 0x7dbaa4506b90> ran for 0.120s (>0.100s threshold). It is blocking the event loop -- likely a tight sync loop inside a coroutine. Other pollers will time out.
2026-08-27 11:33:33,677 - INFO - Progression nettoyage : 428910/ILLIMITÉ (1776 msg/s, 35626 attaques)
2026-08-27 11:33:35,950 - INFO - Progression nettoyage : 433910/ILLIMITÉ (1780 msg/s, 36239 attaques)
2026-08-27 11:33:40,985 - INFO - Progression nettoyage : 438910/ILLIMITÉ (1764 msg/s, 37122 attaques)
2026-08-27 11:33:42,991 - INFO - Progression nettoyage : 443910/ILLIMITÉ (1770 msg/s, 41153 attaques)
2026-08-27 11:33:45,118 - INFO - Progression nettoyage : 448910/ILLIMITÉ (1775 msg/s, 41472 attaques)
2026-08-27 11:33:47,648 - INFO - Progression nettoyage : 453910/ILLIMITÉ (1777 msg/s, 41492 attaques)
2026-08-27 11:33:49,972 - INFO - Progression nettoyage : 458910/ILLIMITÉ (1780 msg/s, 41500 attaques)
2026-08-27 11:33:52,371 - INFO - Progression nettoyage : 463910/ILLIMITÉ (1783 msg/s, 41500 attaques)
2026-08-27 11:33:54,715 - INFO - Progression nettoyage : 468910/ILLIMITÉ (1786 msg/s, 41639 attaques)
2026-08-27 11:33:57,050 - INFO - Progression nettoyage : 473910/ILLIMITÉ (1789 msg/s, 42271 attaques)
2026-08-27 11:33:59,526 - INFO - Progression nettoyage : 478910/ILLIMITÉ (1791 msg/s, 43030 attaques)
2026-08-27 11:34:01,513 - INFO - Progression nettoyage : 483910/ILLIMITÉ (1796 msg/s, 45252 attaques)
2026-08-27 11:34:03,454 - INFO - Progression nettoyage : 488853/ILLIMITÉ (1802 msg/s, 46342 attaques)
2026-08-27 11:34:05,654 - INFO - Progression nettoyage : 493853/ILLIMITÉ (1806 msg/s, 46376 attaques)
2026-08-27 11:34:08,016 - INFO - Progression nettoyage : 498853/ILLIMITÉ (1808 msg/s, 46391 attaques)
2026-08-27 11:34:13,140 - INFO - Progression nettoyage : 503853/ILLIMITÉ (1793 msg/s, 46391 attaques)
2026-08-27 11:34:15,342 - INFO - Progression nettoyage : 508853/ILLIMITÉ (1797 msg/s, 46507 attaques)
2026-08-27 11:34:17,770 - INFO - Progression nettoyage : 513853/ILLIMITÉ (1799 msg/s, 47217 attaques)
2026-08-27 11:34:20,099 - INFO - Progression nettoyage : 518853/ILLIMITÉ (1802 msg/s, 47961 attaques)
2026-08-27 11:34:22,292 - INFO - Progression nettoyage : 523853/ILLIMITÉ (1805 msg/s, 51878 attaques)
2026-08-27 11:34:24,457 - INFO - Progression nettoyage : 528853/ILLIMITÉ (1809 msg/s, 51878 attaques)
2026-08-27 11:34:26,734 - INFO - Progression nettoyage : 533853/ILLIMITÉ (1812 msg/s, 51896 attaques)
2026-08-27 11:34:29,276 - INFO - Progression nettoyage : 538853/ILLIMITÉ (1814 msg/s, 51903 attaques)
2026-08-27 11:34:31,739 - INFO - Progression nettoyage : 543853/ILLIMITÉ (1815 msg/s, 51905 attaques)
2026-08-27 11:34:33,880 - INFO - Progression nettoyage : 548853/ILLIMITÉ (1819 msg/s, 51905 attaques)
2026-08-27 11:34:36,030 - INFO - Progression nettoyage : 553853/ILLIMITÉ (1823 msg/s, 52253 attaques)
2026-08-27 11:34:38,368 - INFO - Progression nettoyage : 558853/ILLIMITÉ (1825 msg/s, 52670 attaques)
2026-08-27 11:34:40,426 - INFO - Progression nettoyage : 563853/ILLIMITÉ (1829 msg/s, 56677 attaques)
2026-08-27 11:34:41,078 - WARNING - Task <kafka.net.selector.Task object at 0x7dba9e2d6110> ran for 0.105s (>0.100s threshold). It is blocking the event loop -- likely a tight sync loop inside a coroutine. Other pollers will time out.
2026-08-27 11:34:45,350 - INFO - Progression nettoyage : 568853/ILLIMITÉ (1816 msg/s, 57824 attaques)
2026-08-27 11:34:47,491 - INFO - Progression nettoyage : 573853/ILLIMITÉ (1820 msg/s, 57832 attaques)
2026-08-27 11:34:49,765 - INFO - Progression nettoyage : 578853/ILLIMITÉ (1822 msg/s, 57836 attaques)
2026-08-27 11:34:52,034 - INFO - Progression nettoyage : 583853/ILLIMITÉ (1825 msg/s, 57839 attaques)
2026-08-27 11:34:53,052 - INFO - Updated metadata: ClusterMetadata(brokers: 1, topics: 1, coordinators: 0)
2026-08-27 11:34:53,220 - WARNING - Task <kafka.net.selector.Task object at 0x7dbaa86627a0> ran for 0.169s (>0.100s threshold). It is blocking the event loop -- likely a tight sync loop inside a coroutine. Other pollers will time out.
2026-08-27 11:34:53,226 - INFO - Updated metadata: ClusterMetadata(brokers: 1, topics: 1, coordinators: 1)
2026-08-27 11:34:53,922 - INFO - Progression nettoyage : 588185/ILLIMITÉ (1828 msg/s, 57920 attaques)
2026-08-27 11:34:56,421 - INFO - Progression nettoyage : 593185/ILLIMITÉ (1829 msg/s, 57974 attaques)
2026-08-27 11:34:58,432 - INFO - Progression nettoyage : 598185/ILLIMITÉ (1833 msg/s, 61093 attaques)
2026-08-27 11:35:00,326 - INFO - Progression nettoyage : 603185/ILLIMITÉ (1838 msg/s, 65754 attaques)
2026-08-27 11:35:02,526 - INFO - Progression nettoyage : 608185/ILLIMITÉ (1841 msg/s, 66428 attaques)
2026-08-27 11:35:04,820 - INFO - Progression nettoyage : 613185/ILLIMITÉ (1843 msg/s, 66436 attaques)
2026-08-27 11:35:07,230 - INFO - Progression nettoyage : 618185/ILLIMITÉ (1845 msg/s, 66438 attaques)
2026-08-27 11:35:09,421 - INFO - Progression nettoyage : 623185/ILLIMITÉ (1848 msg/s, 66441 attaques)
2026-08-27 11:35:11,287 - INFO - Progression nettoyage : 628185/ILLIMITÉ (1852 msg/s, 66614 attaques)
2026-08-27 11:35:13,693 - INFO - Progression nettoyage : 633185/ILLIMITÉ (1854 msg/s, 66686 attaques)
2026-08-27 11:35:18,770 - INFO - Progression nettoyage : 638185/ILLIMITÉ (1841 msg/s, 69855 attaques)
2026-08-27 11:35:20,778 - INFO - Progression nettoyage : 643185/ILLIMITÉ (1845 msg/s, 74809 attaques)
2026-08-27 11:35:22,976 - INFO - Progression nettoyage : 648185/ILLIMITÉ (1848 msg/s, 76624 attaques)
2026-08-27 11:35:25,237 - INFO - Progression nettoyage : 653185/ILLIMITÉ (1850 msg/s, 76648 attaques)
2026-08-27 11:35:27,419 - INFO - Progression nettoyage : 658185/ILLIMITÉ (1853 msg/s, 76660 attaques)
2026-08-27 11:35:29,636 - INFO - Progression nettoyage : 663185/ILLIMITÉ (1855 msg/s, 76662 attaques)
2026-08-27 11:35:31,834 - INFO - Progression nettoyage : 668185/ILLIMITÉ (1858 msg/s, 76812 attaques)
2026-08-27 11:35:34,142 - INFO - Progression nettoyage : 673185/ILLIMITÉ (1860 msg/s, 76867 attaques)
2026-08-27 11:35:36,385 - INFO - Progression nettoyage : 678185/ILLIMITÉ (1862 msg/s, 79991 attaques)
2026-08-27 11:35:38,374 - INFO - Progression nettoyage : 683185/ILLIMITÉ (1865 msg/s, 82874 attaques)
2026-08-27 11:35:40,431 - INFO - Progression nettoyage : 688185/ILLIMITÉ (1869 msg/s, 85084 attaques)
2026-08-27 11:35:42,328 - INFO - Progression nettoyage : 693185/ILLIMITÉ (1873 msg/s, 86909 attaques)
2026-08-27 11:35:42,790 - INFO - Progression nettoyage : 694244/ILLIMITÉ (1873 msg/s, 86925 attaques)
2026-08-27 11:35:45,377 - INFO - Progression nettoyage : 699244/ILLIMITÉ (1873 msg/s, 86941 attaques)
2026-08-27 11:35:47,424 - INFO - Progression nettoyage : 704244/ILLIMITÉ (1877 msg/s, 86946 attaques)
2026-08-27 11:35:52,690 - INFO - Progression nettoyage : 709244/ILLIMITÉ (1864 msg/s, 87017 attaques)
2026-08-27 11:35:55,189 - INFO - Progression nettoyage : 714244/ILLIMITÉ (1865 msg/s, 87017 attaques)
2026-08-27 11:35:57,438 - INFO - Progression nettoyage : 719244/ILLIMITÉ (1867 msg/s, 91185 attaques)
2026-08-27 11:35:59,663 - INFO - Progression nettoyage : 724244/ILLIMITÉ (1869 msg/s, 96173 attaques)
2026-08-27 11:36:01,553 - INFO - Progression nettoyage : 729244/ILLIMITÉ (1873 msg/s, 100630 attaques)
2026-08-27 11:36:03,839 - INFO - Progression nettoyage : 734244/ILLIMITÉ (1875 msg/s, 101451 attaques)
2026-08-27 11:36:06,414 - INFO - Progression nettoyage : 739244/ILLIMITÉ (1875 msg/s, 101464 attaques)
2026-08-27 11:36:08,838 - INFO - Progression nettoyage : 744244/ILLIMITÉ (1876 msg/s, 101464 attaques)
2026-08-27 11:36:11,106 - INFO - Progression nettoyage : 749244/ILLIMITÉ (1878 msg/s, 101485 attaques)
2026-08-27 11:36:13,454 - INFO - Progression nettoyage : 754244/ILLIMITÉ (1879 msg/s, 101485 attaques)
2026-08-27 11:36:15,668 - INFO - Progression nettoyage : 759244/ILLIMITÉ (1882 msg/s, 105586 attaques)
2026-08-27 11:36:18,634 - INFO - Progression nettoyage : 764244/ILLIMITÉ (1880 msg/s, 109363 attaques)
2026-08-27 11:36:21,599 - INFO - Progression nettoyage : 769244/ILLIMITÉ (1879 msg/s, 114330 attaques)
2026-08-27 11:36:24,960 - INFO - Progression nettoyage : 774244/ILLIMITÉ (1876 msg/s, 115201 attaques)
2026-08-27 11:36:28,858 - INFO - Progression nettoyage : 779244/ILLIMITÉ (1870 msg/s, 115209 attaques)
2026-08-27 11:36:32,486 - INFO - Progression nettoyage : 784244/ILLIMITÉ (1866 msg/s, 115209 attaques)
2026-08-27 11:36:38,883 - INFO - Progression nettoyage : 789244/ILLIMITÉ (1849 msg/s, 115209 attaques)
2026-08-27 11:36:43,319 - INFO - Progression nettoyage : 794244/ILLIMITÉ (1842 msg/s, 115209 attaques)
2026-08-27 11:36:48,462 - INFO - Progression nettoyage : 799244/ILLIMITÉ (1832 msg/s, 119272 attaques)
2026-08-27 11:36:48,745 - INFO - Node 0 was unable to process the fetch request with <kafka.consumer.fetcher.FetchMetadata object at 0x7dbaa4e10460>: [Error 70] FetchSessionIdNotFoundError.
2026-08-27 11:36:49,436 - INFO - Progression nettoyage : 800355/ILLIMITÉ (1830 msg/s, 120257 attaques)
2026-08-27 11:36:53,659 - INFO - Progression nettoyage : 805355/ILLIMITÉ (1824 msg/s, 122979 attaques)
2026-08-27 11:36:55,330 - INFO - Progression nettoyage : 810355/ILLIMITÉ (1828 msg/s, 127624 attaques)
2026-08-27 11:36:57,683 - INFO - Progression nettoyage : 815355/ILLIMITÉ (1830 msg/s, 127741 attaques)
2026-08-27 11:37:00,104 - INFO - Progression nettoyage : 820355/ILLIMITÉ (1831 msg/s, 127741 attaques)
2026-08-27 11:37:02,337 - INFO - Progression nettoyage : 825355/ILLIMITÉ (1833 msg/s, 127741 attaques)
2026-08-27 11:37:04,667 - INFO - Progression nettoyage : 830355/ILLIMITÉ (1835 msg/s, 127741 attaques)
2026-08-27 11:37:07,319 - INFO - Progression nettoyage : 835355/ILLIMITÉ (1835 msg/s, 128085 attaques)
2026-08-27 11:37:09,587 - INFO - Progression nettoyage : 840355/ILLIMITÉ (1837 msg/s, 132562 attaques)
2026-08-27 11:37:11,583 - INFO - Progression nettoyage : 845355/ILLIMITÉ (1840 msg/s, 137561 attaques)
2026-08-27 11:37:12,002 - WARNING - Task <kafka.net.selector.Task object at 0x7dbaa4e11270> ran for 0.108s (>0.100s threshold). It is blocking the event loop -- likely a tight sync loop inside a coroutine. Other pollers will time out.
2026-08-27 11:37:13,339 - INFO - Progression nettoyage : 850355/ILLIMITÉ (1844 msg/s, 142134 attaques)
2026-08-27 11:37:15,483 - INFO - Progression nettoyage : 855355/ILLIMITÉ (1846 msg/s, 142348 attaques)
2026-08-27 11:37:17,975 - INFO - Progression nettoyage : 860355/ILLIMITÉ (1847 msg/s, 142348 attaques)
2026-08-27 11:37:20,004 - INFO - Progression nettoyage : 865355/ILLIMITÉ (1850 msg/s, 142348 attaques)
2026-08-27 11:37:24,735 - INFO - Progression nettoyage : 870355/ILLIMITÉ (1842 msg/s, 142348 attaques)
2026-08-27 11:37:27,223 - INFO - Progression nettoyage : 875355/ILLIMITÉ (1843 msg/s, 142699 attaques)
2026-08-27 11:37:29,332 - INFO - Progression nettoyage : 880355/ILLIMITÉ (1845 msg/s, 147500 attaques)
2026-08-27 11:37:31,326 - INFO - Progression nettoyage : 885355/ILLIMITÉ (1848 msg/s, 150228 attaques)
2026-08-27 11:37:32,862 - INFO - Progression nettoyage : 890355/ILLIMITÉ (1852 msg/s, 154805 attaques)
2026-08-27 11:37:35,265 - INFO - Progression nettoyage : 895355/ILLIMITÉ (1853 msg/s, 155370 attaques)
2026-08-27 11:37:37,614 - INFO - Progression nettoyage : 900355/ILLIMITÉ (1855 msg/s, 155370 attaques)
2026-08-27 11:37:39,809 - INFO - Progression nettoyage : 905355/ILLIMITÉ (1857 msg/s, 155370 attaques)
2026-08-27 11:37:41,923 - INFO - Progression nettoyage : 910355/ILLIMITÉ (1859 msg/s, 155370 attaques)
2026-08-27 11:37:42,424 - INFO - Progression nettoyage : 911405/ILLIMITÉ (1859 msg/s, 155370 attaques)
2026-08-27 11:37:44,733 - INFO - Progression nettoyage : 916405/ILLIMITÉ (1860 msg/s, 156607 attaques)
2026-08-27 11:37:46,963 - INFO - Progression nettoyage : 921405/ILLIMITÉ (1862 msg/s, 161439 attaques)
2026-08-27 11:37:48,907 - INFO - Progression nettoyage : 926405/ILLIMITÉ (1865 msg/s, 165446 attaques)
2026-08-27 11:37:50,644 - INFO - Progression nettoyage : 931405/ILLIMITÉ (1868 msg/s, 169022 attaques)
2026-08-27 11:37:52,830 - INFO - Progression nettoyage : 936405/ILLIMITÉ (1870 msg/s, 169050 attaques)
2026-08-27 11:37:57,671 - INFO - Progression nettoyage : 941405/ILLIMITÉ (1862 msg/s, 169051 attaques)
2026-08-27 11:37:59,627 - INFO - Progression nettoyage : 946405/ILLIMITÉ (1865 msg/s, 169051 attaques)
2026-08-27 11:38:01,820 - INFO - Progression nettoyage : 951405/ILLIMITÉ (1867 msg/s, 169051 attaques)
2026-08-27 11:38:04,122 - INFO - Progression nettoyage : 956405/ILLIMITÉ (1868 msg/s, 170399 attaques)
2026-08-27 11:38:06,245 - INFO - Progression nettoyage : 961405/ILLIMITÉ (1870 msg/s, 173676 attaques)
2026-08-27 11:38:08,303 - INFO - Progression nettoyage : 966405/ILLIMITÉ (1872 msg/s, 178277 attaques)
2026-08-27 11:38:10,096 - INFO - Progression nettoyage : 971405/ILLIMITÉ (1875 msg/s, 181842 attaques)
2026-08-27 11:38:12,280 - INFO - Progression nettoyage : 976405/ILLIMITÉ (1877 msg/s, 181877 attaques)
2026-08-27 11:38:14,486 - INFO - Progression nettoyage : 981405/ILLIMITÉ (1879 msg/s, 181878 attaques)
2026-08-27 11:38:15,216 - WARNING - Task <kafka.net.selector.Task object at 0x7dbaa4506b90> ran for 0.131s (>0.100s threshold). It is blocking the event loop -- likely a tight sync loop inside a coroutine. Other pollers will time out.
2026-08-27 11:38:16,564 - INFO - Progression nettoyage : 986405/ILLIMITÉ (1881 msg/s, 181878 attaques)
2026-08-27 11:38:18,848 - INFO - Progression nettoyage : 991405/ILLIMITÉ (1882 msg/s, 181878 attaques)
2026-08-27 11:38:21,169 - INFO - Progression nettoyage : 996405/ILLIMITÉ (1883 msg/s, 183262 attaques)
2026-08-27 11:38:23,335 - INFO - Progression nettoyage : 1001405/ILLIMITÉ (1885 msg/s, 187981 attaques)
2026-08-27 11:38:25,188 - INFO - Progression nettoyage : 1006405/ILLIMITÉ (1888 msg/s, 191057 attaques)
2026-08-27 11:38:27,060 - INFO - Progression nettoyage : 1011405/ILLIMITÉ (1891 msg/s, 194625 attaques)
2026-08-27 11:38:32,060 - INFO - Progression nettoyage : 1016405/ILLIMITÉ (1883 msg/s, 194639 attaques)
2026-08-27 11:38:34,266 - INFO - Progression nettoyage : 1021405/ILLIMITÉ (1884 msg/s, 194640 attaques)
2026-08-27 11:38:36,148 - INFO - Progression nettoyage : 1026405/ILLIMITÉ (1887 msg/s, 194640 attaques)
2026-08-27 11:38:36,554 - WARNING - Task <kafka.net.selector.Task object at 0x7dbaa86627a0> ran for 0.112s (>0.100s threshold). It is blocking the event loop -- likely a tight sync loop inside a coroutine. Other pollers will time out.
2026-08-27 11:38:37,173 - INFO - Progression nettoyage : 1028577/ILLIMITÉ (1887 msg/s, 194640 attaques)
2026-08-27 11:38:39,568 - INFO - Progression nettoyage : 1033577/ILLIMITÉ (1888 msg/s, 194640 attaques)
2026-08-27 11:38:41,726 - INFO - Progression nettoyage : 1038577/ILLIMITÉ (1890 msg/s, 198096 attaques)
2026-08-27 11:38:43,874 - INFO - Progression nettoyage : 1043577/ILLIMITÉ (1891 msg/s, 202119 attaques)
2026-08-27 11:38:45,774 - INFO - Progression nettoyage : 1048577/ILLIMITÉ (1894 msg/s, 207097 attaques)
2026-08-27 11:38:48,082 - INFO - Progression nettoyage : 1053577/ILLIMITÉ (1895 msg/s, 208526 attaques)
2026-08-27 11:38:50,512 - INFO - Progression nettoyage : 1058577/ILLIMITÉ (1896 msg/s, 208533 attaques)
2026-08-27 11:38:52,678 - INFO - Progression nettoyage : 1063577/ILLIMITÉ (1897 msg/s, 208533 attaques)
2026-08-27 11:38:54,755 - INFO - Progression nettoyage : 1068577/ILLIMITÉ (1899 msg/s, 208534 attaques)
2026-08-27 11:38:57,112 - WARNING - Task <kafka.net.selector.Task object at 0x7dbaa4506b90> ran for 0.110s (>0.100s threshold). It is blocking the event loop -- likely a tight sync loop inside a coroutine. Other pollers will time out.
2026-08-27 11:38:57,218 - INFO - Progression nettoyage : 1073577/ILLIMITÉ (1900 msg/s, 208534 attaques)
2026-08-27 11:38:59,430 - INFO - Progression nettoyage : 1078577/ILLIMITÉ (1901 msg/s, 211953 attaques)
2026-08-27 11:39:04,232 - INFO - Progression nettoyage : 1083577/ILLIMITÉ (1894 msg/s, 215522 attaques)
2026-08-27 11:39:05,969 - INFO - Progression nettoyage : 1088577/ILLIMITÉ (1897 msg/s, 219204 attaques)
2026-08-27 11:39:08,138 - INFO - Progression nettoyage : 1093577/ILLIMITÉ (1899 msg/s, 220631 attaques)
2026-08-27 11:39:09,224 - WARNING - Task <kafka.net.selector.Task object at 0x7dbaa85dbfd0> ran for 0.105s (>0.100s threshold). It is blocking the event loop -- likely a tight sync loop inside a coroutine. Other pollers will time out.
2026-08-27 11:39:10,761 - INFO - Progression nettoyage : 1098577/ILLIMITÉ (1899 msg/s, 220632 attaques)
2026-08-27 11:39:12,859 - INFO - Progression nettoyage : 1103577/ILLIMITÉ (1900 msg/s, 220632 attaques)
2026-08-27 11:39:15,297 - INFO - Progression nettoyage : 1108577/ILLIMITÉ (1901 msg/s, 220633 attaques)
2026-08-27 11:39:17,823 - INFO - Progression nettoyage : 1113577/ILLIMITÉ (1901 msg/s, 220633 attaques)
2026-08-27 11:39:20,260 - INFO - Progression nettoyage : 1118577/ILLIMITÉ (1902 msg/s, 224047 attaques)
2026-08-27 11:39:22,551 - INFO - Progression nettoyage : 1123577/ILLIMITÉ (1903 msg/s, 229023 attaques)
2026-08-27 11:39:24,474 - INFO - Progression nettoyage : 1128577/ILLIMITÉ (1905 msg/s, 233917 attaques)
2026-08-27 11:39:26,580 - INFO - Progression nettoyage : 1133577/ILLIMITÉ (1907 msg/s, 235288 attaques)
2026-08-27 11:39:29,056 - INFO - Progression nettoyage : 1138577/ILLIMITÉ (1907 msg/s, 235290 attaques)
2026-08-27 11:39:31,015 - INFO - Progression nettoyage : 1143577/ILLIMITÉ (1910 msg/s, 235290 attaques)
2026-08-27 11:39:31,457 - WARNING - Task <kafka.net.selector.Task object at 0x7dbaa86627a0> ran for 0.135s (>0.100s threshold). It is blocking the event loop -- likely a tight sync loop inside a coroutine. Other pollers will time out.
2026-08-27 11:39:32,254 - INFO - Progression nettoyage : 1146548/ILLIMITÉ (1911 msg/s, 235291 attaques)
2026-08-27 11:39:35,153 - INFO - Progression nettoyage : 1151548/ILLIMITÉ (1910 msg/s, 235291 attaques)
2026-08-27 11:39:37,429 - INFO - Progression nettoyage : 1156548/ILLIMITÉ (1911 msg/s, 236747 attaques)
2026-08-27 11:39:39,910 - INFO - Progression nettoyage : 1161548/ILLIMITÉ (1911 msg/s, 241182 attaques)
2026-08-27 11:39:42,196 - INFO - Progression nettoyage : 1166548/ILLIMITÉ (1912 msg/s, 244176 attaques)
2026-08-27 11:39:44,173 - INFO - Progression nettoyage : 1171548/ILLIMITÉ (1914 msg/s, 246713 attaques)
2026-08-27 11:39:46,782 - INFO - Progression nettoyage : 1176548/ILLIMITÉ (1914 msg/s, 246733 attaques)
2026-08-27 11:39:49,331 - INFO - Progression nettoyage : 1181548/ILLIMITÉ (1914 msg/s, 246733 attaques)
2026-08-27 11:39:51,522 - WARNING - Task <kafka.net.selector.Task object at 0x7dbaa6761de0> ran for 0.137s (>0.100s threshold). It is blocking the event loop -- likely a tight sync loop inside a coroutine. Other pollers will time out.
2026-08-27 11:39:51,713 - INFO - Progression nettoyage : 1186548/ILLIMITÉ (1915 msg/s, 246733 attaques)
2026-08-27 11:39:54,016 - INFO - Progression nettoyage : 1191548/ILLIMITÉ (1916 msg/s, 246733 attaques)
2026-08-27 11:39:56,252 - INFO - Progression nettoyage : 1196548/ILLIMITÉ (1917 msg/s, 248259 attaques)
2026-08-27 11:39:58,410 - INFO - Progression nettoyage : 1201548/ILLIMITÉ (1919 msg/s, 253170 attaques)
2026-08-27 11:39:59,727 - WARNING - Task <kafka.net.selector.Task object at 0x7dbaa4506b90> ran for 0.138s (>0.100s threshold). It is blocking the event loop -- likely a tight sync loop inside a coroutine. Other pollers will time out.
2026-08-27 11:40:00,291 - INFO - Progression nettoyage : 1206548/ILLIMITÉ (1921 msg/s, 257616 attaques)
2026-08-27 11:40:02,080 - INFO - Progression nettoyage : 1211548/ILLIMITÉ (1923 msg/s, 260990 attaques)
2026-08-27 11:40:05,400 - INFO - Progression nettoyage : 1216548/ILLIMITÉ (1921 msg/s, 261004 attaques)
2026-08-27 11:40:07,857 - INFO - Progression nettoyage : 1221548/ILLIMITÉ (1922 msg/s, 261005 attaques)
2026-08-27 11:40:09,648 - INFO - Progression nettoyage : 1226548/ILLIMITÉ (1924 msg/s, 261005 attaques)
2026-08-27 11:40:11,925 - INFO - Progression nettoyage : 1231548/ILLIMITÉ (1925 msg/s, 261005 attaques)
2026-08-27 11:40:12,510 - INFO - Updated metadata: ClusterMetadata(brokers: 1, topics: 1, coordinators: 0)
2026-08-27 11:40:12,632 - INFO - Updated metadata: ClusterMetadata(brokers: 1, topics: 1, coordinators: 1)
2026-08-27 11:40:14,357 - INFO - Progression nettoyage : 1236548/ILLIMITÉ (1925 msg/s, 262498 attaques)
2026-08-27 11:40:16,832 - INFO - Progression nettoyage : 1241548/ILLIMITÉ (1926 msg/s, 265855 attaques)
2026-08-27 11:40:18,993 - INFO - Progression nettoyage : 1246548/ILLIMITÉ (1927 msg/s, 269526 attaques)
2026-08-27 11:40:20,767 - WARNING - Task <kafka.net.selector.Task object at 0x7dbaa4506b90> ran for 0.118s (>0.100s threshold). It is blocking the event loop -- likely a tight sync loop inside a coroutine. Other pollers will time out.
2026-08-27 11:40:21,213 - INFO - Progression nettoyage : 1251548/ILLIMITÉ (1928 msg/s, 272940 attaques)
2026-08-27 11:40:23,614 - INFO - Progression nettoyage : 1256548/ILLIMITÉ (1929 msg/s, 272961 attaques)
2026-08-27 11:40:25,857 - INFO - Progression nettoyage : 1261548/ILLIMITÉ (1930 msg/s, 272961 attaques)
2026-08-27 11:40:26,578 - INFO - Progression nettoyage : 1263257/ILLIMITÉ (1930 msg/s, 272961 attaques)
2026-08-27 11:40:28,656 - INFO - Progression nettoyage : 1268257/ILLIMITÉ (1932 msg/s, 272961 attaques)
2026-08-27 11:40:30,984 - INFO - Progression nettoyage : 1273257/ILLIMITÉ (1933 msg/s, 272961 attaques)
2026-08-27 11:40:33,293 - INFO - Progression nettoyage : 1278257/ILLIMITÉ (1933 msg/s, 276115 attaques)
2026-08-27 11:40:36,243 - INFO - Progression nettoyage : 1283257/ILLIMITÉ (1932 msg/s, 281019 attaques)
2026-08-27 11:40:38,129 - INFO - Progression nettoyage : 1288257/ILLIMITÉ (1934 msg/s, 285303 attaques)
2026-08-27 11:40:40,427 - INFO - Progression nettoyage : 1293257/ILLIMITÉ (1935 msg/s, 286879 attaques)
2026-08-27 11:40:43,024 - INFO - Progression nettoyage : 1298257/ILLIMITÉ (1935 msg/s, 286886 attaques)
2026-08-27 11:40:45,271 - INFO - Progression nettoyage : 1303257/ILLIMITÉ (1936 msg/s, 286887 attaques)
2026-08-27 11:40:47,455 - INFO - Progression nettoyage : 1308257/ILLIMITÉ (1937 msg/s, 286887 attaques)
2026-08-27 11:40:49,952 - INFO - Progression nettoyage : 1313257/ILLIMITÉ (1938 msg/s, 287027 attaques)
2026-08-27 11:40:52,530 - INFO - Progression nettoyage : 1318257/ILLIMITÉ (1938 msg/s, 289761 attaques)
2026-08-27 11:40:54,652 - INFO - Progression nettoyage : 1323257/ILLIMITÉ (1939 msg/s, 292984 attaques)
2026-08-27 11:40:56,529 - INFO - Progression nettoyage : 1328257/ILLIMITÉ (1941 msg/s, 297890 attaques)
2026-08-27 11:40:58,611 - INFO - Progression nettoyage : 1333257/ILLIMITÉ (1942 msg/s, 299624 attaques)
2026-08-27 11:41:01,012 - INFO - Progression nettoyage : 1338257/ILLIMITÉ (1943 msg/s, 299631 attaques)
2026-08-27 11:41:03,029 - INFO - Progression nettoyage : 1343257/ILLIMITÉ (1944 msg/s, 299632 attaques)
2026-08-27 11:41:04,980 - INFO - Progression nettoyage : 1348257/ILLIMITÉ (1946 msg/s, 299632 attaques)
2026-08-27 11:41:08,077 - INFO - Progression nettoyage : 1353257/ILLIMITÉ (1945 msg/s, 299732 attaques)
2026-08-27 11:41:09,334 - WARNING - Task <kafka.net.selector.Task object at 0x7dbaa4506b90> ran for 0.120s (>0.100s threshold). It is blocking the event loop -- likely a tight sync loop inside a coroutine. Other pollers will time out.
2026-08-27 11:41:10,304 - INFO - Progression nettoyage : 1358257/ILLIMITÉ (1945 msg/s, 302887 attaques)
2026-08-27 11:41:12,501 - INFO - Progression nettoyage : 1363257/ILLIMITÉ (1947 msg/s, 307688 attaques)
2026-08-27 11:41:14,489 - INFO - Progression nettoyage : 1368257/ILLIMITÉ (1948 msg/s, 310910 attaques)
2026-08-27 11:41:19,587 - INFO - Progression nettoyage : 1373257/ILLIMITÉ (1941 msg/s, 312659 attaques)
2026-08-27 11:41:25,613 - INFO - Progression nettoyage : 1378257/ILLIMITÉ (1932 msg/s, 312666 attaques)
2026-08-27 11:41:26,309 - WARNING - Task <kafka.net.selector.Task object at 0x7dbaa86627a0> ran for 0.168s (>0.100s threshold). It is blocking the event loop -- likely a tight sync loop inside a coroutine. Other pollers will time out.
2026-08-27 11:41:26,915 - INFO - Progression nettoyage : 1379764/ILLIMITÉ (1930 msg/s, 312666 attaques)
2026-08-27 11:41:30,550 - INFO - Progression nettoyage : 1384764/ILLIMITÉ (1928 msg/s, 312667 attaques)
2026-08-27 11:41:34,604 - INFO - Progression nettoyage : 1389764/ILLIMITÉ (1924 msg/s, 312915 attaques)
2026-08-27 11:41:43,031 - INFO - Progression nettoyage : 1394764/ILLIMITÉ (1908 msg/s, 317083 attaques)
2026-08-27 11:42:03,061 - WARNING - Task <kafka.net.selector.Task object at 0x7dbaa4506b90> ran for 0.108s (>0.100s threshold). It is blocking the event loop -- likely a tight sync loop inside a coroutine. Other pollers will time out.
2026-08-27 11:42:06,924 - INFO - Progression nettoyage : 1399764/ILLIMITÉ (1855 msg/s, 319149 attaques)
2026-08-27 11:42:15,980 - INFO - Progression nettoyage : 1404764/ILLIMITÉ (1839 msg/s, 324113 attaques)
2026-08-27 11:42:28,575 - WARNING - Task <kafka.net.selector.Task object at 0x7dbaa4506b90> ran for 0.210s (>0.100s threshold). It is blocking the event loop -- likely a tight sync loop inside a coroutine. Other pollers will time out.
2026-08-27 11:42:36,778 - INFO - Progression nettoyage : 1409764/ILLIMITÉ (1797 msg/s, 324735 attaques)
2026-08-27 11:42:45,822 - INFO - Progression nettoyage : 1414764/ILLIMITÉ (1783 msg/s, 324763 attaques)
2026-08-27 11:42:48,190 - INFO - Progression nettoyage : 1419764/ILLIMITÉ (1784 msg/s, 324764 attaques)
2026-08-27 11:42:50,653 - INFO - Progression nettoyage : 1424764/ILLIMITÉ (1784 msg/s, 325002 attaques)
2026-08-27 11:42:53,037 - INFO - Progression nettoyage : 1429764/ILLIMITÉ (1785 msg/s, 329312 attaques)
2026-08-27 11:42:55,315 - INFO - Progression nettoyage : 1434764/ILLIMITÉ (1786 msg/s, 334244 attaques)
2026-08-27 11:42:57,100 - INFO - Progression nettoyage : 1439764/ILLIMITÉ (1789 msg/s, 338576 attaques)
2026-08-27 11:42:59,348 - INFO - Progression nettoyage : 1444764/ILLIMITÉ (1790 msg/s, 339204 attaques)
2026-08-27 11:43:01,849 - INFO - Progression nettoyage : 1449764/ILLIMITÉ (1790 msg/s, 339211 attaques)
2026-08-27 11:43:03,964 - INFO - Progression nettoyage : 1454764/ILLIMITÉ (1792 msg/s, 339211 attaques)
2026-08-27 11:43:06,201 - INFO - Progression nettoyage : 1459764/ILLIMITÉ (1793 msg/s, 339413 attaques)
2026-08-27 11:43:08,379 - INFO - Progression nettoyage : 1464764/ILLIMITÉ (1795 msg/s, 343732 attaques)
2026-08-27 11:43:09,327 - WARNING - Task <kafka.net.selector.Task object at 0x7dbaa88d1570> ran for 0.147s (>0.100s threshold). It is blocking the event loop -- likely a tight sync loop inside a coroutine. Other pollers will time out.
2026-08-27 11:43:10,415 - INFO - Progression nettoyage : 1469764/ILLIMITÉ (1796 msg/s, 346404 attaques)
2026-08-27 11:43:12,009 - INFO - Progression nettoyage : 1474764/ILLIMITÉ (1799 msg/s, 351352 attaques)
2026-08-27 11:43:16,925 - INFO - Progression nettoyage : 1479764/ILLIMITÉ (1794 msg/s, 352046 attaques)
2026-08-27 11:43:19,320 - INFO - Progression nettoyage : 1484764/ILLIMITÉ (1795 msg/s, 352076 attaques)
2026-08-27 11:43:21,211 - INFO - Progression nettoyage : 1489764/ILLIMITÉ (1797 msg/s, 352076 attaques)
2026-08-27 11:43:23,634 - INFO - Progression nettoyage : 1494764/ILLIMITÉ (1798 msg/s, 352352 attaques)
2026-08-27 11:43:25,668 - INFO - Progression nettoyage : 1499764/ILLIMITÉ (1799 msg/s, 356434 attaques)
2026-08-27 11:43:25,769 - INFO - Node 0 was unable to process the fetch request with <kafka.consumer.fetcher.FetchMetadata object at 0x7dbaa4589f90>: [Error 70] FetchSessionIdNotFoundError.
2026-08-27 11:43:26,199 - INFO - Progression nettoyage : 1501128/ILLIMITÉ (1800 msg/s, 357781 attaques)
2026-08-27 11:43:28,460 - INFO - Progression nettoyage : 1506128/ILLIMITÉ (1801 msg/s, 361175 attaques)
2026-08-27 11:43:30,070 - INFO - Progression nettoyage : 1511128/ILLIMITÉ (1803 msg/s, 365271 attaques)
2026-08-27 11:43:32,525 - INFO - Progression nettoyage : 1516128/ILLIMITÉ (1804 msg/s, 365285 attaques)
2026-08-27 11:43:34,300 - INFO - Progression nettoyage : 1521128/ILLIMITÉ (1806 msg/s, 365286 attaques)
2026-08-27 11:43:36,681 - INFO - Progression nettoyage : 1526128/ILLIMITÉ (1807 msg/s, 365532 attaques)
2026-08-27 11:43:38,747 - INFO - Progression nettoyage : 1531128/ILLIMITÉ (1809 msg/s, 370013 attaques)
2026-08-27 11:43:39,359 - WARNING - Task <kafka.net.selector.Task object at 0x7dbaa4506b90> ran for 0.106s (>0.100s threshold). It is blocking the event loop -- likely a tight sync loop inside a coroutine. Other pollers will time out.
2026-08-27 11:43:40,887 - INFO - Progression nettoyage : 1536128/ILLIMITÉ (1810 msg/s, 371632 attaques)
2026-08-27 11:43:42,573 - INFO - Progression nettoyage : 1541128/ILLIMITÉ (1812 msg/s, 376208 attaques)
2026-08-27 11:43:48,094 - INFO - Progression nettoyage : 1546128/ILLIMITÉ (1806 msg/s, 376449 attaques)
2026-08-27 11:43:50,198 - INFO - Progression nettoyage : 1551128/ILLIMITÉ (1808 msg/s, 376450 attaques)
2026-08-27 11:43:52,861 - INFO - Progression nettoyage : 1556128/ILLIMITÉ (1808 msg/s, 376852 attaques)
2026-08-27 11:43:55,168 - INFO - Progression nettoyage : 1561128/ILLIMITÉ (1809 msg/s, 381370 attaques)
2026-08-27 11:43:57,454 - INFO - Progression nettoyage : 1566128/ILLIMITÉ (1810 msg/s, 381633 attaques)
2026-08-27 11:43:58,956 - INFO - Progression nettoyage : 1571128/ILLIMITÉ (1813 msg/s, 386323 attaques)
2026-08-27 11:44:01,222 - INFO - Progression nettoyage : 1576128/ILLIMITÉ (1814 msg/s, 386587 attaques)
2026-08-27 11:44:03,024 - INFO - Progression nettoyage : 1581128/ILLIMITÉ (1816 msg/s, 386587 attaques)
2026-08-27 11:44:03,530 - WARNING - Task <kafka.net.selector.Task object at 0x7dbaa6a0bd60> ran for 0.104s (>0.100s threshold). It is blocking the event loop -- likely a tight sync loop inside a coroutine. Other pollers will time out.
2026-08-27 11:44:05,336 - INFO - Progression nettoyage : 1586128/ILLIMITÉ (1816 msg/s, 387004 attaques)
2026-08-27 11:44:07,471 - INFO - Progression nettoyage : 1591128/ILLIMITÉ (1818 msg/s, 391565 attaques)
2026-08-27 11:44:09,713 - INFO - Progression nettoyage : 1596128/ILLIMITÉ (1819 msg/s, 391830 attaques)
2026-08-27 11:44:11,248 - INFO - Progression nettoyage : 1601128/ILLIMITÉ (1821 msg/s, 396504 attaques)
2026-08-27 11:44:13,473 - WARNING - Task <kafka.net.selector.Task object at 0x7dbaa4506b90> ran for 0.110s (>0.100s threshold). It is blocking the event loop -- likely a tight sync loop inside a coroutine. Other pollers will time out.
2026-08-27 11:44:13,678 - INFO - Progression nettoyage : 1606128/ILLIMITÉ (1822 msg/s, 396767 attaques)
2026-08-27 11:44:15,332 - WARNING - Task <kafka.net.selector.Task object at 0x7dba9f2b5c60> ran for 0.106s (>0.100s threshold). It is blocking the event loop -- likely a tight sync loop inside a coroutine. Other pollers will time out.
2026-08-27 11:44:15,448 - INFO - Progression nettoyage : 1611128/ILLIMITÉ (1824 msg/s, 396768 attaques)
2026-08-27 11:44:17,696 - INFO - Progression nettoyage : 1616128/ILLIMITÉ (1825 msg/s, 397131 attaques)
2026-08-27 11:44:22,489 - INFO - Progression nettoyage : 1621128/ILLIMITÉ (1821 msg/s, 401444 attaques)
2026-08-27 11:44:23,131 - INFO - Progression nettoyage : 1622554/ILLIMITÉ (1821 msg/s, 401709 attaques)
2026-08-27 11:44:25,213 - INFO - Progression nettoyage : 1627554/ILLIMITÉ (1822 msg/s, 402859 attaques)
2026-08-27 11:44:27,038 - INFO - Progression nettoyage : 1632554/ILLIMITÉ (1824 msg/s, 406543 attaques)
2026-08-27 11:44:28,482 - WARNING - Task <kafka.net.selector.Task object at 0x7dbaa4506b90> ran for 0.159s (>0.100s threshold). It is blocking the event loop -- likely a tight sync loop inside a coroutine. Other pollers will time out.
2026-08-27 11:44:29,376 - INFO - Progression nettoyage : 1637554/ILLIMITÉ (1825 msg/s, 406543 attaques)
2026-08-27 11:44:31,184 - INFO - Progression nettoyage : 1642554/ILLIMITÉ (1827 msg/s, 406544 attaques)
2026-08-27 11:44:31,835 - WARNING - Task <kafka.net.selector.Task object at 0x7dba9f2b6ce0> ran for 0.117s (>0.100s threshold). It is blocking the event loop -- likely a tight sync loop inside a coroutine. Other pollers will time out.
2026-08-27 11:44:33,549 - INFO - Progression nettoyage : 1647554/ILLIMITÉ (1828 msg/s, 407599 attaques)
2026-08-27 11:44:36,049 - INFO - Progression nettoyage : 1652554/ILLIMITÉ (1828 msg/s, 411084 attaques)
2026-08-27 11:44:38,338 - INFO - Progression nettoyage : 1657554/ILLIMITÉ (1829 msg/s, 412070 attaques)
2026-08-27 11:44:40,114 - INFO - Progression nettoyage : 1662554/ILLIMITÉ (1831 msg/s, 415465 attaques)
2026-08-27 11:44:42,319 - INFO - Progression nettoyage : 1667554/ILLIMITÉ (1832 msg/s, 415465 attaques)
2026-08-27 11:44:44,185 - INFO - Progression nettoyage : 1672554/ILLIMITÉ (1834 msg/s, 415465 attaques)
2026-08-27 11:44:46,350 - INFO - Progression nettoyage : 1677554/ILLIMITÉ (1835 msg/s, 416590 attaques)
2026-08-27 11:44:48,395 - INFO - Progression nettoyage : 1682554/ILLIMITÉ (1836 msg/s, 420240 attaques)
2026-08-27 11:44:50,478 - INFO - Progression nettoyage : 1687554/ILLIMITÉ (1838 msg/s, 421283 attaques)
2026-08-27 11:44:54,882 - INFO - Progression nettoyage : 1692554/ILLIMITÉ (1834 msg/s, 424893 attaques)
2026-08-27 11:44:57,270 - INFO - Progression nettoyage : 1697554/ILLIMITÉ (1835 msg/s, 424894 attaques)
2026-08-27 11:44:59,266 - INFO - Progression nettoyage : 1702554/ILLIMITÉ (1836 msg/s, 424895 attaques)
2026-08-27 11:45:01,540 - INFO - Progression nettoyage : 1707554/ILLIMITÉ (1837 msg/s, 426006 attaques)
2026-08-27 11:45:03,565 - INFO - Progression nettoyage : 1712554/ILLIMITÉ (1839 msg/s, 430090 attaques)
2026-08-27 11:45:05,219 - INFO - Progression nettoyage : 1717554/ILLIMITÉ (1841 msg/s, 434589 attaques)
2026-08-27 11:45:07,623 - INFO - Progression nettoyage : 1722554/ILLIMITÉ (1841 msg/s, 434589 attaques)
2026-08-27 11:45:09,810 - INFO - Progression nettoyage : 1727554/ILLIMITÉ (1842 msg/s, 434589 attaques)
2026-08-27 11:45:12,130 - INFO - Progression nettoyage : 1732554/ILLIMITÉ (1843 msg/s, 434918 attaques)
2026-08-27 11:45:14,381 - INFO - Progression nettoyage : 1737554/ILLIMITÉ (1844 msg/s, 439592 attaques)
2026-08-27 11:45:15,442 - INFO - Progression nettoyage : 1739350/ILLIMITÉ (1844 msg/s, 440037 attaques)
2026-08-27 11:45:16,829 - WARNING - Task <kafka.net.selector.Task object at 0x7dba9e5c5060> ran for 0.119s (>0.100s threshold). It is blocking the event loop -- likely a tight sync loop inside a coroutine. Other pollers will time out.
2026-08-27 11:45:17,295 - WARNING - Task <kafka.net.selector.Task object at 0x7dba9e5c6020> ran for 0.114s (>0.100s threshold). It is blocking the event loop -- likely a tight sync loop inside a coroutine. Other pollers will time out.
2026-08-27 11:45:17,820 - INFO - Progression nettoyage : 1744350/ILLIMITÉ (1845 msg/s, 440037 attaques)
2026-08-27 11:45:20,200 - INFO - Progression nettoyage : 1749350/ILLIMITÉ (1845 msg/s, 440037 attaques)
2026-08-27 11:45:22,504 - INFO - Progression nettoyage : 1754350/ILLIMITÉ (1846 msg/s, 440037 attaques)
2026-08-27 11:45:28,033 - INFO - Progression nettoyage : 1759350/ILLIMITÉ (1841 msg/s, 442158 attaques)
2026-08-27 11:45:30,551 - INFO - Progression nettoyage : 1764350/ILLIMITÉ (1841 msg/s, 444808 attaques)
2026-08-27 11:45:33,390 - INFO - Progression nettoyage : 1769350/ILLIMITÉ (1841 msg/s, 444808 attaques)
2026-08-27 11:45:34,210 - INFO - Updated metadata: ClusterMetadata(brokers: 1, topics: 1, coordinators: 1)
2026-08-27 11:45:34,238 - INFO - Updated metadata: ClusterMetadata(brokers: 1, topics: 1, coordinators: 0)
2026-08-27 11:45:35,842 - INFO - Progression nettoyage : 1774350/ILLIMITÉ (1841 msg/s, 444808 attaques)
2026-08-27 11:45:38,166 - INFO - Progression nettoyage : 1779350/ILLIMITÉ (1842 msg/s, 444809 attaques)
2026-08-27 11:45:40,542 - INFO - Progression nettoyage : 1784350/ILLIMITÉ (1843 msg/s, 446904 attaques)
2026-08-27 11:45:42,854 - INFO - Progression nettoyage : 1789350/ILLIMITÉ (1843 msg/s, 450504 attaques)
2026-08-27 11:45:45,177 - INFO - Progression nettoyage : 1794350/ILLIMITÉ (1844 msg/s, 452591 attaques)
2026-08-27 11:45:47,662 - INFO - Progression nettoyage : 1799350/ILLIMITÉ (1845 msg/s, 452591 attaques)
2026-08-27 11:45:49,947 - INFO - Progression nettoyage : 1804350/ILLIMITÉ (1845 msg/s, 452591 attaques)
2026-08-27 11:45:52,189 - INFO - Progression nettoyage : 1809350/ILLIMITÉ (1846 msg/s, 454711 attaques)
2026-08-27 11:45:54,186 - INFO - Progression nettoyage : 1814350/ILLIMITÉ (1848 msg/s, 459054 attaques)
2026-08-27 11:45:38,937 - INFO - Progression nettoyage : 1819350/ILLIMITÉ (1882 msg/s, 461576 attaques)
2026-08-27 11:45:41,978 - INFO - Progression nettoyage : 1824350/ILLIMITÉ (1881 msg/s, 461576 attaques)
2026-08-27 11:45:44,643 - INFO - Progression nettoyage : 1829350/ILLIMITÉ (1881 msg/s, 461576 attaques)
2026-08-27 11:45:47,321 - INFO - Progression nettoyage : 1834350/ILLIMITÉ (1881 msg/s, 463630 attaques)
2026-08-27 11:45:49,910 - INFO - Progression nettoyage : 1839350/ILLIMITÉ (1881 msg/s, 468006 attaques)
2026-08-27 11:45:52,999 - INFO - Progression nettoyage : 1844350/ILLIMITÉ (1880 msg/s, 470014 attaques)
2026-08-27 11:45:53,295 - WARNING - Task <kafka.net.selector.Task object at 0x7dbaa86627a0> ran for 0.134s (>0.100s threshold). It is blocking the event loop -- likely a tight sync loop inside a coroutine. Other pollers will time out.
2026-08-27 11:45:53,379 - INFO - Progression nettoyage : 1845012/ILLIMITÉ (1880 msg/s, 470014 attaques)
2026-08-27 11:46:13,517 - WARNING - Task <kafka.net.selector.Task object at 0x7dbaa4e135b0> ran for 0.103s (>0.100s threshold). It is blocking the event loop -- likely a tight sync loop inside a coroutine. Other pollers will time out.
2026-08-27 11:46:14,368 - WARNING - Task <kafka.net.selector.Task object at 0x7dbaa6763520> ran for 0.127s (>0.100s threshold). It is blocking the event loop -- likely a tight sync loop inside a coroutine. Other pollers will time out.
2026-08-27 11:46:15,294 - INFO - Progression nettoyage : 1850012/ILLIMITÉ (1844 msg/s, 470014 attaques)
2026-08-27 11:46:18,970 - INFO - Progression nettoyage : 1855012/ILLIMITÉ (1842 msg/s, 470014 attaques)
2026-08-27 11:46:24,867 - INFO - Progression nettoyage : 1860012/ILLIMITÉ (1837 msg/s, 472538 attaques)
2026-08-27 11:46:29,457 - INFO - Progression nettoyage : 1865012/ILLIMITÉ (1833 msg/s, 474332 attaques)
2026-08-27 11:46:33,786 - INFO - Progression nettoyage : 1870012/ILLIMITÉ (1830 msg/s, 474334 attaques)
2026-08-27 11:46:37,620 - INFO - Progression nettoyage : 1875012/ILLIMITÉ (1828 msg/s, 474334 attaques)
2026-08-27 11:46:40,725 - INFO - Progression nettoyage : 1880012/ILLIMITÉ (1828 msg/s, 474334 attaques)
2026-08-27 11:46:44,384 - INFO - Progression nettoyage : 1885012/ILLIMITÉ (1826 msg/s, 477076 attaques)
2026-08-27 11:46:47,091 - INFO - Progression nettoyage : 1890012/ILLIMITÉ (1826 msg/s, 478704 attaques)
2026-08-27 11:46:49,667 - INFO - Progression nettoyage : 1895012/ILLIMITÉ (1826 msg/s, 478704 attaques)
2026-08-27 11:46:52,238 - INFO - Progression nettoyage : 1900012/ILLIMITÉ (1827 msg/s, 478704 attaques)
2026-08-27 11:46:53,604 - WARNING - Task <kafka.net.selector.Task object at 0x7dbaa4506b90> ran for 0.109s (>0.100s threshold). It is blocking the event loop -- likely a tight sync loop inside a coroutine. Other pollers will time out.
2026-08-27 11:46:54,536 - INFO - Progression nettoyage : 1905012/ILLIMITÉ (1828 msg/s, 478704 attaques)
2026-08-27 11:46:55,513 - WARNING - Task <kafka.net.selector.Task object at 0x7dbaa4506b90> ran for 0.111s (>0.100s threshold). It is blocking the event loop -- likely a tight sync loop inside a coroutine. Other pollers will time out.
2026-08-27 11:46:56,965 - INFO - Progression nettoyage : 1910012/ILLIMITÉ (1828 msg/s, 481128 attaques)
2026-08-27 11:46:59,909 - INFO - Progression nettoyage : 1915012/ILLIMITÉ (1828 msg/s, 483922 attaques)
2026-08-27 11:47:02,294 - INFO - Progression nettoyage : 1920012/ILLIMITÉ (1828 msg/s, 485301 attaques)
2026-08-27 11:47:04,664 - INFO - Progression nettoyage : 1925012/ILLIMITÉ (1829 msg/s, 485301 attaques)
2026-08-27 11:47:05,668 - WARNING - Task <kafka.net.selector.Task object at 0x7dbaa4e110c0> ran for 0.118s (>0.100s threshold). It is blocking the event loop -- likely a tight sync loop inside a coroutine. Other pollers will time out.
2026-08-27 11:47:07,355 - INFO - Progression nettoyage : 1930012/ILLIMITÉ (1829 msg/s, 485301 attaques)
2026-08-27 11:47:08,640 - WARNING - Task <kafka.net.selector.Task object at 0x7dbaa8899060> ran for 0.116s (>0.100s threshold). It is blocking the event loop -- likely a tight sync loop inside a coroutine. Other pollers will time out.
2026-08-27 11:47:09,741 - INFO - Progression nettoyage : 1935012/ILLIMITÉ (1830 msg/s, 487978 attaques)
2026-08-27 11:47:11,658 - INFO - Progression nettoyage : 1940012/ILLIMITÉ (1831 msg/s, 491888 attaques)
2026-08-27 11:47:14,000 - WARNING - Task <kafka.net.selector.Task object at 0x7dbaa8635180> ran for 0.139s (>0.100s threshold). It is blocking the event loop -- likely a tight sync loop inside a coroutine. Other pollers will time out.
2026-08-27 11:47:14,089 - INFO - Progression nettoyage : 1945012/ILLIMITÉ (1832 msg/s, 493838 attaques)
2026-08-27 11:47:14,694 - INFO - Progression nettoyage : 1946006/ILLIMITÉ (1831 msg/s, 493838 attaques)
2026-08-27 11:47:17,108 - INFO - Progression nettoyage : 1951006/ILLIMITÉ (1832 msg/s, 493838 attaques)
2026-08-27 11:47:19,651 - INFO - Progression nettoyage : 1956006/ILLIMITÉ (1832 msg/s, 493838 attaques)
2026-08-27 11:47:21,875 - INFO - Progression nettoyage : 1961006/ILLIMITÉ (1833 msg/s, 497475 attaques)
2026-08-27 11:47:22,621 - WARNING - Task <kafka.net.selector.Task object at 0x7dbaa4506b90> ran for 0.143s (>0.100s threshold). It is blocking the event loop -- likely a tight sync loop inside a coroutine. Other pollers will time out.
2026-08-27 11:47:23,560 - WARNING - Task <kafka.net.selector.Task object at 0x7dbaa889b0a0> ran for 0.121s (>0.100s threshold). It is blocking the event loop -- likely a tight sync loop inside a coroutine. Other pollers will time out.
2026-08-27 11:47:23,842 - INFO - Progression nettoyage : 1966006/ILLIMITÉ (1834 msg/s, 501538 attaques)
2026-08-27 11:47:26,047 - INFO - Progression nettoyage : 1971006/ILLIMITÉ (1835 msg/s, 501642 attaques)
2026-08-27 11:47:28,705 - INFO - Progression nettoyage : 1976006/ILLIMITÉ (1835 msg/s, 501642 attaques)
2026-08-27 11:47:30,955 - INFO - Progression nettoyage : 1981006/ILLIMITÉ (1836 msg/s, 501670 attaques)
2026-08-27 11:47:33,174 - INFO - Progression nettoyage : 1986006/ILLIMITÉ (1837 msg/s, 505280 attaques)
2026-08-27 11:47:35,489 - INFO - Progression nettoyage : 1991006/ILLIMITÉ (1838 msg/s, 506390 attaques)
2026-08-27 11:47:37,826 - INFO - Progression nettoyage : 1996006/ILLIMITÉ (1838 msg/s, 506390 attaques)
2026-08-27 11:47:40,002 - INFO - Progression nettoyage : 2001006/ILLIMITÉ (1839 msg/s, 506390 attaques)
2026-08-27 11:47:42,073 - INFO - Progression nettoyage : 2006006/ILLIMITÉ (1840 msg/s, 506450 attaques)
2026-08-27 11:47:44,059 - INFO - Progression nettoyage : 2011006/ILLIMITÉ (1842 msg/s, 509707 attaques)
2026-08-27 11:47:46,175 - INFO - Progression nettoyage : 2016006/ILLIMITÉ (1843 msg/s, 510782 attaques)
2026-08-27 11:47:48,416 - INFO - Progression nettoyage : 2021006/ILLIMITÉ (1844 msg/s, 510782 attaques)
2026-08-27 11:47:50,293 - INFO - Progression nettoyage : 2026006/ILLIMITÉ (1845 msg/s, 510851 attaques)
2026-08-27 11:47:52,419 - INFO - Progression nettoyage : 2031006/ILLIMITÉ (1846 msg/s, 514350 attaques)
2026-08-27 11:47:54,727 - INFO - Progression nettoyage : 2036006/ILLIMITÉ (1847 msg/s, 515347 attaques)
2026-08-27 11:47:56,459 - WARNING - Task <kafka.net.selector.Task object at 0x7dbaa6761d80> ran for 0.129s (>0.100s threshold). It is blocking the event loop -- likely a tight sync loop inside a coroutine. Other pollers will time out.
2026-08-27 11:47:56,916 - INFO - Progression nettoyage : 2041006/ILLIMITÉ (1847 msg/s, 515409 attaques)
2026-08-27 11:47:43,505 - INFO - Progression nettoyage : 2046006/ILLIMITÉ (1875 msg/s, 518981 attaques)
2026-08-27 11:47:44,307 - WARNING - Task <kafka.net.selector.Task object at 0x7dbaa86627a0> ran for 0.248s (>0.100s threshold). It is blocking the event loop -- likely a tight sync loop inside a coroutine. Other pollers will time out.
2026-08-27 11:47:46,054 - INFO - Progression nettoyage : 2050079/ILLIMITÉ (1874 msg/s, 520150 attaques)
2026-08-27 11:47:48,587 - INFO - Progression nettoyage : 2055079/ILLIMITÉ (1874 msg/s, 520197 attaques)
2026-08-27 11:47:50,825 - INFO - Progression nettoyage : 2060079/ILLIMITÉ (1875 msg/s, 522710 attaques)
2026-08-27 11:47:53,286 - INFO - Progression nettoyage : 2065079/ILLIMITÉ (1875 msg/s, 524787 attaques)
2026-08-27 11:47:55,929 - INFO - Progression nettoyage : 2070079/ILLIMITÉ (1875 msg/s, 524830 attaques)
2026-08-27 11:48:16,479 - INFO - Progression nettoyage : 2075079/ILLIMITÉ (1846 msg/s, 527382 attaques)
2026-08-27 11:48:18,932 - INFO - Progression nettoyage : 2080079/ILLIMITÉ (1846 msg/s, 529330 attaques)
2026-08-27 11:48:21,441 - INFO - Progression nettoyage : 2085079/ILLIMITÉ (1846 msg/s, 529391 attaques)
2026-08-27 11:48:22,917 - WARNING - Task <kafka.net.selector.Task object at 0x7dbaa889b7c0> ran for 0.115s (>0.100s threshold). It is blocking the event loop -- likely a tight sync loop inside a coroutine. Other pollers will time out.
2026-08-27 11:48:23,747 - INFO - Progression nettoyage : 2090079/ILLIMITÉ (1847 msg/s, 531447 attaques)
2026-08-27 11:48:26,252 - INFO - Progression nettoyage : 2095079/ILLIMITÉ (1847 msg/s, 531745 attaques)
2026-08-27 11:48:28,642 - INFO - Progression nettoyage : 2100079/ILLIMITÉ (1848 msg/s, 531793 attaques)
2026-08-27 11:48:12,752 - INFO - Progression nettoyage : 2105079/ILLIMITÉ (1879 msg/s, 531967 attaques)
2026-08-27 11:48:33,267 - INFO - Progression nettoyage : 2110079/ILLIMITÉ (1849 msg/s, 533363 attaques)
2026-08-27 11:48:35,751 - INFO - Progression nettoyage : 2115079/ILLIMITÉ (1849 msg/s, 533413 attaques)
2026-08-27 11:48:37,740 - WARNING - Task <kafka.net.selector.Task object at 0x7dbaa7238100> ran for 0.142s (>0.100s threshold). It is blocking the event loop -- likely a tight sync loop inside a coroutine. Other pollers will time out.
2026-08-27 11:48:37,830 - INFO - Progression nettoyage : 2120079/ILLIMITÉ (1850 msg/s, 535621 attaques)
2026-08-27 11:48:40,082 - INFO - Progression nettoyage : 2125079/ILLIMITÉ (1851 msg/s, 537183 attaques)
2026-08-27 11:48:42,430 - INFO - Progression nettoyage : 2130079/ILLIMITÉ (1852 msg/s, 537232 attaques)
2026-08-27 11:48:44,572 - INFO - Progression nettoyage : 2135079/ILLIMITÉ (1853 msg/s, 539480 attaques)
2026-08-27 11:48:47,055 - INFO - Progression nettoyage : 2140079/ILLIMITÉ (1853 msg/s, 540815 attaques)
2026-08-27 11:48:49,337 - INFO - Progression nettoyage : 2145079/ILLIMITÉ (1854 msg/s, 540869 attaques)
2026-08-27 11:48:51,477 - INFO - Progression nettoyage : 2150079/ILLIMITÉ (1855 msg/s, 542583 attaques)
2026-08-27 11:48:52,351 - WARNING - Task <kafka.net.selector.Task object at 0x7dbaa62702b0> ran for 0.124s (>0.100s threshold). It is blocking the event loop -- likely a tight sync loop inside a coroutine. Other pollers will time out.
2026-08-27 11:48:53,818 - INFO - Progression nettoyage : 2155079/ILLIMITÉ (1855 msg/s, 544479 attaques)
2026-08-27 11:48:55,118 - INFO - Progression nettoyage : 2157521/ILLIMITÉ (1855 msg/s, 544483 attaques)
2026-08-27 11:48:57,139 - INFO - Progression nettoyage : 2162521/ILLIMITÉ (1856 msg/s, 544782 attaques)
2026-08-27 11:48:58,199 - WARNING - Task <kafka.net.selector.Task object at 0x7dbaa86340a0> ran for 0.138s (>0.100s threshold). It is blocking the event loop -- likely a tight sync loop inside a coroutine. Other pollers will time out.
2026-08-27 11:48:59,469 - INFO - Progression nettoyage : 2167521/ILLIMITÉ (1857 msg/s, 546558 attaques)
2026-08-27 11:49:02,475 - INFO - Progression nettoyage : 2172521/ILLIMITÉ (1856 msg/s, 546562 attaques)
2026-08-27 11:49:04,922 - INFO - Progression nettoyage : 2177521/ILLIMITÉ (1857 msg/s, 546638 attaques)
2026-08-27 11:49:07,554 - INFO - Progression nettoyage : 2182521/ILLIMITÉ (1857 msg/s, 546638 attaques)
2026-08-27 11:49:09,848 - INFO - Progression nettoyage : 2187521/ILLIMITÉ (1857 msg/s, 546645 attaques)
2026-08-27 11:49:12,290 - INFO - Progression nettoyage : 2192521/ILLIMITÉ (1858 msg/s, 546732 attaques)
2026-08-27 11:49:14,910 - INFO - Progression nettoyage : 2197521/ILLIMITÉ (1858 msg/s, 546732 attaques)
2026-08-27 11:49:17,263 - INFO - Progression nettoyage : 2202521/ILLIMITÉ (1858 msg/s, 546738 attaques)
2026-08-27 11:49:19,528 - INFO - Progression nettoyage : 2207521/ILLIMITÉ (1859 msg/s, 546800 attaques)
2026-08-27 11:49:21,919 - INFO - Progression nettoyage : 2212521/ILLIMITÉ (1860 msg/s, 546800 attaques)
2026-08-27 11:49:24,213 - INFO - Progression nettoyage : 2217521/ILLIMITÉ (1860 msg/s, 546806 attaques)
2026-08-27 11:49:26,180 - INFO - Progression nettoyage : 2222521/ILLIMITÉ (1861 msg/s, 546883 attaques)
2026-08-27 11:49:28,397 - INFO - Progression nettoyage : 2227521/ILLIMITÉ (1862 msg/s, 546883 attaques)
2026-08-27 11:49:30,371 - INFO - Progression nettoyage : 2232521/ILLIMITÉ (1863 msg/s, 546889 attaques)
2026-08-27 11:49:33,894 - INFO - Progression nettoyage : 2237521/ILLIMITÉ (1862 msg/s, 546973 attaques)
2026-08-27 11:49:35,324 - WARNING - Task <kafka.net.selector.Task object at 0x7dbaa41297b0> ran for 0.110s (>0.100s threshold). It is blocking the event loop -- likely a tight sync loop inside a coroutine. Other pollers will time out.
2026-08-27 11:49:36,436 - INFO - Progression nettoyage : 2242521/ILLIMITÉ (1862 msg/s, 546973 attaques)
2026-08-27 11:49:38,472 - INFO - Progression nettoyage : 2247521/ILLIMITÉ (1863 msg/s, 546982 attaques)
2026-08-27 11:49:40,612 - INFO - Progression nettoyage : 2252521/ILLIMITÉ (1864 msg/s, 547059 attaques)
2026-08-27 11:49:43,339 - INFO - Progression nettoyage : 2257521/ILLIMITÉ (1864 msg/s, 547059 attaques)
2026-08-27 11:49:44,520 - WARNING - Task <kafka.net.selector.Task object at 0x7dbaa87ac550> ran for 0.111s (>0.100s threshold). It is blocking the event loop -- likely a tight sync loop inside a coroutine. Other pollers will time out.
2026-08-27 11:49:45,515 - INFO - Progression nettoyage : 2262521/ILLIMITÉ (1865 msg/s, 547062 attaques)
2026-08-27 11:49:46,564 - WARNING - Task <kafka.net.selector.Task object at 0x7dbaa4507f10> ran for 0.102s (>0.100s threshold). It is blocking the event loop -- likely a tight sync loop inside a coroutine. Other pollers will time out.
2026-08-27 11:49:47,138 - INFO - Progression nettoyage : 2266008/ILLIMITÉ (1865 msg/s, 547122 attaques)
2026-08-27 11:49:49,588 - INFO - Progression nettoyage : 2271008/ILLIMITÉ (1865 msg/s, 547146 attaques)
2026-08-27 11:49:51,868 - INFO - Progression nettoyage : 2276008/ILLIMITÉ (1866 msg/s, 547146 attaques)
2026-08-27 11:49:53,848 - INFO - Progression nettoyage : 2281008/ILLIMITÉ (1867 msg/s, 547211 attaques)
2026-08-27 11:49:56,028 - INFO - Progression nettoyage : 2286008/ILLIMITÉ (1868 msg/s, 547229 attaques)
2026-08-27 11:49:58,172 - INFO - Progression nettoyage : 2291008/ILLIMITÉ (1869 msg/s, 547229 attaques)
2026-08-27 11:50:00,309 - INFO - Progression nettoyage : 2296008/ILLIMITÉ (1869 msg/s, 547298 attaques)
2026-08-27 11:50:02,457 - INFO - Progression nettoyage : 2301008/ILLIMITÉ (1870 msg/s, 547320 attaques)
2026-08-27 11:50:05,390 - WARNING - Task <kafka.net.selector.Task object at 0x7dbaa4506b90> ran for 0.107s (>0.100s threshold). It is blocking the event loop -- likely a tight sync loop inside a coroutine. Other pollers will time out.
2026-08-27 11:50:05,651 - INFO - Progression nettoyage : 2306008/ILLIMITÉ (1869 msg/s, 547320 attaques)
2026-08-27 11:50:08,020 - INFO - Progression nettoyage : 2311008/ILLIMITÉ (1870 msg/s, 547391 attaques)
2026-08-27 11:50:10,591 - INFO - Progression nettoyage : 2316008/ILLIMITÉ (1870 msg/s, 547413 attaques)
2026-08-27 11:50:12,916 - INFO - Progression nettoyage : 2321008/ILLIMITÉ (1871 msg/s, 547413 attaques)
2026-08-27 11:50:15,024 - INFO - Progression nettoyage : 2326008/ILLIMITÉ (1871 msg/s, 547478 attaques)
2026-08-27 11:50:16,890 - WARNING - Task <kafka.net.selector.Task object at 0x7dba9e983910> ran for 0.132s (>0.100s threshold). It is blocking the event loop -- likely a tight sync loop inside a coroutine. Other pollers will time out.
2026-08-27 11:50:17,668 - INFO - Progression nettoyage : 2331008/ILLIMITÉ (1872 msg/s, 547497 attaques)
2026-08-27 11:50:19,947 - INFO - Progression nettoyage : 2336008/ILLIMITÉ (1872 msg/s, 547497 attaques)
2026-08-27 11:50:21,424 - WARNING - Task <kafka.net.selector.Task object at 0x7dbaa62d8310> ran for 0.153s (>0.100s threshold). It is blocking the event loop -- likely a tight sync loop inside a coroutine. Other pollers will time out.
2026-08-27 11:50:21,940 - WARNING - Task <kafka.net.selector.Task object at 0x7dbaa62d8460> ran for 0.118s (>0.100s threshold). It is blocking the event loop -- likely a tight sync loop inside a coroutine. Other pollers will time out.
2026-08-27 11:50:22,135 - INFO - Progression nettoyage : 2341008/ILLIMITÉ (1873 msg/s, 547567 attaques)
2026-08-27 11:50:24,681 - INFO - Progression nettoyage : 2346008/ILLIMITÉ (1873 msg/s, 547589 attaques)
2026-08-27 11:50:27,027 - INFO - Progression nettoyage : 2351008/ILLIMITÉ (1873 msg/s, 547589 attaques)
2026-08-27 11:50:29,238 - INFO - Progression nettoyage : 2356008/ILLIMITÉ (1874 msg/s, 547660 attaques)
2026-08-27 11:50:31,604 - INFO - Progression nettoyage : 2361008/ILLIMITÉ (1875 msg/s, 547688 attaques)
2026-08-27 11:50:16,272 - INFO - Progression nettoyage : 2366008/ILLIMITÉ (1902 msg/s, 547688 attaques)
2026-08-27 11:50:35,594 - WARNING - Task <kafka.net.selector.Task object at 0x7dbaa87adcf0> ran for 0.152s (>0.100s threshold). It is blocking the event loop -- likely a tight sync loop inside a coroutine. Other pollers will time out.
2026-08-27 11:50:36,802 - INFO - Progression nettoyage : 2371008/ILLIMITÉ (1875 msg/s, 547740 attaques)
2026-08-27 11:50:38,047 - INFO - Progression nettoyage : 2373673/ILLIMITÉ (1875 msg/s, 547768 attaques)
2026-08-27 11:50:40,367 - INFO - Progression nettoyage : 2378673/ILLIMITÉ (1876 msg/s, 547768 attaques)
2026-08-27 11:50:42,383 - INFO - Progression nettoyage : 2383673/ILLIMITÉ (1877 msg/s, 547792 attaques)
2026-08-27 11:50:42,742 - INFO - Updated metadata: ClusterMetadata(brokers: 1, topics: 1, coordinators: 1)
2026-08-27 11:50:42,786 - INFO - Updated metadata: ClusterMetadata(brokers: 1, topics: 1, coordinators: 0)
2026-08-27 11:50:44,445 - INFO - Progression nettoyage : 2388673/ILLIMITÉ (1877 msg/s, 547845 attaques)
2026-08-27 11:50:46,852 - INFO - Progression nettoyage : 2393673/ILLIMITÉ (1878 msg/s, 547845 attaques)
2026-08-27 11:50:48,970 - INFO - Progression nettoyage : 2398673/ILLIMITÉ (1879 msg/s, 547873 attaques)
2026-08-27 11:50:51,059 - INFO - Progression nettoyage : 2403673/ILLIMITÉ (1879 msg/s, 547923 attaques)
2026-08-27 11:50:53,276 - INFO - Progression nettoyage : 2408673/ILLIMITÉ (1880 msg/s, 547929 attaques)
2026-08-27 11:50:53,748 - WARNING - Task <kafka.net.selector.Task object at 0x7dba9fabf160> ran for 0.105s (>0.100s threshold). It is blocking the event loop -- likely a tight sync loop inside a coroutine. Other pollers will time out.
2026-08-27 11:50:55,404 - INFO - Progression nettoyage : 2413673/ILLIMITÉ (1881 msg/s, 547954 attaques)
2026-08-27 11:50:57,339 - INFO - Progression nettoyage : 2418673/ILLIMITÉ (1882 msg/s, 548012 attaques)
2026-08-27 11:50:59,562 - INFO - Progression nettoyage : 2423673/ILLIMITÉ (1883 msg/s, 548012 attaques)
2026-08-27 11:51:01,650 - INFO - Progression nettoyage : 2428673/ILLIMITÉ (1883 msg/s, 548039 attaques)
2026-08-27 11:51:03,845 - INFO - Progression nettoyage : 2433673/ILLIMITÉ (1884 msg/s, 548099 attaques)
2026-08-27 11:51:09,330 - INFO - Progression nettoyage : 2438673/ILLIMITÉ (1880 msg/s, 548099 attaques)
2026-08-27 11:51:11,463 - INFO - Progression nettoyage : 2443673/ILLIMITÉ (1881 msg/s, 548125 attaques)
2026-08-27 11:51:13,826 - INFO - Progression nettoyage : 2448673/ILLIMITÉ (1881 msg/s, 548188 attaques)
2026-08-27 11:51:16,233 - INFO - Progression nettoyage : 2453673/ILLIMITÉ (1882 msg/s, 548188 attaques)
2026-08-27 11:51:18,677 - INFO - Progression nettoyage : 2458673/ILLIMITÉ (1882 msg/s, 548215 attaques)
2026-08-27 11:51:19,890 - WARNING - Task <kafka.net.selector.Task object at 0x7dbaa6762b30> ran for 0.107s (>0.100s threshold). It is blocking the event loop -- likely a tight sync loop inside a coroutine. Other pollers will time out.
2026-08-27 11:51:21,126 - INFO - Progression nettoyage : 2463673/ILLIMITÉ (1882 msg/s, 548260 attaques)
2026-08-27 11:51:23,684 - INFO - Progression nettoyage : 2468673/ILLIMITÉ (1882 msg/s, 548260 attaques)
2026-08-27 11:51:25,787 - INFO - Progression nettoyage : 2473673/ILLIMITÉ (1883 msg/s, 548281 attaques)
2026-08-27 11:51:28,035 - INFO - Progression nettoyage : 2478673/ILLIMITÉ (1884 msg/s, 548345 attaques)
2026-08-27 11:51:29,681 - INFO - Progression nettoyage : 2482147/ILLIMITÉ (1884 msg/s, 548345 attaques)
2026-08-27 11:51:31,758 - INFO - Progression nettoyage : 2487147/ILLIMITÉ (1885 msg/s, 548345 attaques)
2026-08-27 11:51:33,902 - INFO - Progression nettoyage : 2492147/ILLIMITÉ (1885 msg/s, 548451 attaques)
2026-08-27 11:51:36,226 - INFO - Progression nettoyage : 2497147/ILLIMITÉ (1886 msg/s, 548451 attaques)
2026-08-27 11:51:39,713 - INFO - Progression nettoyage : 2502147/ILLIMITÉ (1885 msg/s, 548451 attaques)
2026-08-27 11:51:42,024 - INFO - Progression nettoyage : 2507147/ILLIMITÉ (1885 msg/s, 548466 attaques)
2026-08-27 11:51:44,210 - INFO - Progression nettoyage : 2512147/ILLIMITÉ (1886 msg/s, 548466 attaques)
2026-08-27 11:51:46,743 - INFO - Progression nettoyage : 2517147/ILLIMITÉ (1886 msg/s, 548466 attaques)
2026-08-27 11:51:49,101 - INFO - Progression nettoyage : 2522147/ILLIMITÉ (1886 msg/s, 548466 attaques)
2026-08-27 11:51:51,365 - INFO - Progression nettoyage : 2527147/ILLIMITÉ (1887 msg/s, 548466 attaques)
2026-08-27 11:51:53,655 - INFO - Progression nettoyage : 2532147/ILLIMITÉ (1888 msg/s, 548466 attaques)
2026-08-27 11:51:56,008 - INFO - Progression nettoyage : 2537147/ILLIMITÉ (1888 msg/s, 548466 attaques)
2026-08-27 11:51:58,131 - INFO - Progression nettoyage : 2542147/ILLIMITÉ (1889 msg/s, 548466 attaques)
2026-08-27 11:51:58,801 - WARNING - Task <kafka.net.selector.Task object at 0x7dbaa4506b90> ran for 0.127s (>0.100s threshold). It is blocking the event loop -- likely a tight sync loop inside a coroutine. Other pollers will time out.
2026-08-27 11:52:00,404 - INFO - Progression nettoyage : 2547147/ILLIMITÉ (1889 msg/s, 548466 attaques)
2026-08-27 11:52:02,721 - INFO - Progression nettoyage : 2552147/ILLIMITÉ (1890 msg/s, 548466 attaques)
2026-08-27 11:52:04,970 - INFO - Progression nettoyage : 2557147/ILLIMITÉ (1890 msg/s, 548466 attaques)
2026-08-27 11:52:06,049 - WARNING - Task <kafka.net.selector.Task object at 0x7dbaa4506b90> ran for 0.148s (>0.100s threshold). It is blocking the event loop -- likely a tight sync loop inside a coroutine. Other pollers will time out.
2026-08-27 11:52:07,170 - INFO - Progression nettoyage : 2562147/ILLIMITÉ (1891 msg/s, 548466 attaques)
2026-08-27 11:52:10,762 - INFO - Progression nettoyage : 2567147/ILLIMITÉ (1890 msg/s, 548466 attaques)
2026-08-27 11:52:13,213 - INFO - Progression nettoyage : 2572147/ILLIMITÉ (1890 msg/s, 548466 attaques)
2026-08-27 11:52:14,847 - WARNING - Task <kafka.net.selector.Task object at 0x7dbaa66f0850> ran for 0.135s (>0.100s threshold). It is blocking the event loop -- likely a tight sync loop inside a coroutine. Other pollers will time out.
2026-08-27 11:52:15,605 - INFO - Progression nettoyage : 2577147/ILLIMITÉ (1890 msg/s, 548466 attaques)
2026-08-27 11:52:16,753 - WARNING - Task <kafka.net.selector.Task object at 0x7dbaa4506b90> ran for 0.103s (>0.100s threshold). It is blocking the event loop -- likely a tight sync loop inside a coroutine. Other pollers will time out.
2026-08-27 11:52:18,004 - INFO - Progression nettoyage : 2582147/ILLIMITÉ (1890 msg/s, 548466 attaques)
2026-08-27 11:52:19,326 - WARNING - Task <kafka.net.selector.Task object at 0x7dbaa66f0e20> ran for 0.141s (>0.100s threshold). It is blocking the event loop -- likely a tight sync loop inside a coroutine. Other pollers will time out.
2026-08-27 11:52:20,661 - INFO - Progression nettoyage : 2587147/ILLIMITÉ (1890 msg/s, 548466 attaques)
2026-08-27 11:52:21,010 - INFO - Progression nettoyage : 2587848/ILLIMITÉ (1891 msg/s, 548466 attaques)
2026-08-27 11:52:23,478 - INFO - Progression nettoyage : 2592848/ILLIMITÉ (1891 msg/s, 548466 attaques)
2026-08-27 11:52:26,144 - INFO - Progression nettoyage : 2597848/ILLIMITÉ (1891 msg/s, 548466 attaques)
2026-08-27 11:52:28,561 - INFO - Progression nettoyage : 2602848/ILLIMITÉ (1891 msg/s, 548466 attaques)
2026-08-27 11:52:29,920 - WARNING - Task <kafka.net.selector.Task object at 0x7dbaa4506b90> ran for 0.126s (>0.100s threshold). It is blocking the event loop -- likely a tight sync loop inside a coroutine. Other pollers will time out.
2026-08-27 11:52:31,246 - INFO - Progression nettoyage : 2607848/ILLIMITÉ (1891 msg/s, 548466 attaques)
2026-08-27 11:52:33,588 - INFO - Progression nettoyage : 2612848/ILLIMITÉ (1891 msg/s, 548466 attaques)
2026-08-27 11:52:36,019 - INFO - Progression nettoyage : 2617848/ILLIMITÉ (1892 msg/s, 548466 attaques)
2026-08-27 11:52:38,193 - INFO - Progression nettoyage : 2622848/ILLIMITÉ (1892 msg/s, 548466 attaques)
2026-08-27 11:52:38,973 - WARNING - Task <kafka.net.selector.Task object at 0x7dbaa4506b90> ran for 0.107s (>0.100s threshold). It is blocking the event loop -- likely a tight sync loop inside a coroutine. Other pollers will time out.
2026-08-27 11:52:41,572 - INFO - Progression nettoyage : 2627848/ILLIMITÉ (1891 msg/s, 548466 attaques)
2026-08-27 11:52:43,761 - INFO - Progression nettoyage : 2632848/ILLIMITÉ (1892 msg/s, 548466 attaques)
2026-08-27 11:52:46,430 - INFO - Progression nettoyage : 2637848/ILLIMITÉ (1892 msg/s, 548466 attaques)
2026-08-27 11:52:48,740 - INFO - Progression nettoyage : 2642848/ILLIMITÉ (1892 msg/s, 548466 attaques)
2026-08-27 11:52:51,080 - INFO - Progression nettoyage : 2647848/ILLIMITÉ (1893 msg/s, 548712 attaques)
2026-08-27 11:52:53,289 - INFO - Progression nettoyage : 2652848/ILLIMITÉ (1893 msg/s, 548725 attaques)
2026-08-27 11:52:55,399 - INFO - Progression nettoyage : 2657848/ILLIMITÉ (1894 msg/s, 548959 attaques)
2026-08-27 11:52:57,589 - WARNING - Task <kafka.net.selector.Task object at 0x7dbaa4506b90> ran for 0.104s (>0.100s threshold). It is blocking the event loop -- likely a tight sync loop inside a coroutine. Other pollers will time out.
2026-08-27 11:52:57,772 - INFO - Progression nettoyage : 2662848/ILLIMITÉ (1894 msg/s, 548971 attaques)
2026-08-27 11:52:59,953 - INFO - Progression nettoyage : 2667848/ILLIMITÉ (1895 msg/s, 549230 attaques)
2026-08-27 11:53:02,160 - INFO - Progression nettoyage : 2672848/ILLIMITÉ (1896 msg/s, 549475 attaques)
2026-08-27 11:53:04,414 - INFO - Progression nettoyage : 2677848/ILLIMITÉ (1896 msg/s, 549745 attaques)
2026-08-27 11:53:06,571 - INFO - Progression nettoyage : 2682848/ILLIMITÉ (1897 msg/s, 550003 attaques)
2026-08-27 11:53:07,859 - WARNING - Task <kafka.net.selector.Task object at 0x7dbaa4506b90> ran for 0.118s (>0.100s threshold). It is blocking the event loop -- likely a tight sync loop inside a coroutine. Other pollers will time out.
2026-08-27 11:53:08,789 - INFO - Progression nettoyage : 2687848/ILLIMITÉ (1897 msg/s, 550244 attaques)
2026-08-27 11:53:11,688 - INFO - Progression nettoyage : 2692848/ILLIMITÉ (1897 msg/s, 550510 attaques)
2026-08-27 11:53:13,240 - INFO - Progression nettoyage : 2696558/ILLIMITÉ (1898 msg/s, 550692 attaques)
2026-08-27 11:53:15,394 - INFO - Progression nettoyage : 2701558/ILLIMITÉ (1898 msg/s, 550949 attaques)
2026-08-27 11:53:17,452 - INFO - Progression nettoyage : 2706558/ILLIMITÉ (1899 msg/s, 551225 attaques)
2026-08-27 11:53:19,621 - INFO - Progression nettoyage : 2711558/ILLIMITÉ (1900 msg/s, 551473 attaques)
2026-08-27 11:53:21,659 - INFO - Progression nettoyage : 2716558/ILLIMITÉ (1900 msg/s, 551740 attaques)
2026-08-27 11:53:23,777 - INFO - Progression nettoyage : 2721558/ILLIMITÉ (1901 msg/s, 552001 attaques)
2026-08-27 11:53:25,428 - WARNING - Task <kafka.net.selector.Task object at 0x7dbaa4506b90> ran for 0.119s (>0.100s threshold). It is blocking the event loop -- likely a tight sync loop inside a coroutine. Other pollers will time out.
2026-08-27 11:53:25,858 - INFO - Progression nettoyage : 2726558/ILLIMITÉ (1902 msg/s, 552264 attaques)
2026-08-27 11:53:28,024 - INFO - Progression nettoyage : 2731558/ILLIMITÉ (1902 msg/s, 552526 attaques)
2026-08-27 11:53:30,073 - INFO - Progression nettoyage : 2736558/ILLIMITÉ (1903 msg/s, 552784 attaques)
2026-08-27 11:53:32,328 - INFO - Progression nettoyage : 2741558/ILLIMITÉ (1904 msg/s, 553050 attaques)
2026-08-27 11:53:34,451 - INFO - Progression nettoyage : 2746558/ILLIMITÉ (1904 msg/s, 553315 attaques)
2026-08-27 11:53:36,637 - INFO - Progression nettoyage : 2751558/ILLIMITÉ (1905 msg/s, 553570 attaques)
2026-08-27 11:53:38,645 - INFO - Progression nettoyage : 2756558/ILLIMITÉ (1906 msg/s, 553820 attaques)
2026-08-27 11:53:40,668 - INFO - Progression nettoyage : 2761558/ILLIMITÉ (1906 msg/s, 554075 attaques)
2026-08-27 11:53:44,740 - WARNING - Task <kafka.net.selector.Task object at 0x7dbaa4506b90> ran for 0.100s (>0.100s threshold). It is blocking the event loop -- likely a tight sync loop inside a coroutine. Other pollers will time out.
2026-08-27 11:53:45,476 - INFO - Progression nettoyage : 2766558/ILLIMITÉ (1904 msg/s, 554335 attaques)
2026-08-27 11:53:47,690 - INFO - Progression nettoyage : 2771558/ILLIMITÉ (1904 msg/s, 554591 attaques)
2026-08-27 11:53:49,894 - INFO - Progression nettoyage : 2776558/ILLIMITÉ (1905 msg/s, 554866 attaques)
2026-08-27 11:53:52,008 - INFO - Progression nettoyage : 2781558/ILLIMITÉ (1905 msg/s, 555122 attaques)
2026-08-27 11:53:54,074 - INFO - Progression nettoyage : 2786558/ILLIMITÉ (1906 msg/s, 555392 attaques)
2026-08-27 11:53:55,183 - WARNING - Task <kafka.net.selector.Task object at 0x7dbaa4506b90> ran for 0.108s (>0.100s threshold). It is blocking the event loop -- likely a tight sync loop inside a coroutine. Other pollers will time out.
2026-08-27 11:53:56,356 - INFO - Progression nettoyage : 2791558/ILLIMITÉ (1907 msg/s, 555624 attaques)
2026-08-27 11:53:58,429 - INFO - Progression nettoyage : 2796558/ILLIMITÉ (1907 msg/s, 555886 attaques)
2026-08-27 11:54:00,328 - INFO - Progression nettoyage : 2801558/ILLIMITÉ (1908 msg/s, 556152 attaques)
2026-08-27 11:54:02,500 - INFO - Progression nettoyage : 2806558/ILLIMITÉ (1909 msg/s, 556410 attaques)
2026-08-27 11:54:04,678 - INFO - Progression nettoyage : 2811558/ILLIMITÉ (1909 msg/s, 556654 attaques)
2026-08-27 11:54:04,942 - WARNING - Task <kafka.net.selector.Task object at 0x7dbaa86627a0> ran for 0.102s (>0.100s threshold). It is blocking the event loop -- likely a tight sync loop inside a coroutine. Other pollers will time out.
2026-08-27 11:54:05,584 - INFO - Progression nettoyage : 2813910/ILLIMITÉ (1910 msg/s, 556778 attaques)
2026-08-27 11:54:06,994 - WARNING - Task <kafka.net.selector.Task object at 0x7dbaa87ac490> ran for 0.131s (>0.100s threshold). It is blocking the event loop -- likely a tight sync loop inside a coroutine. Other pollers will time out.
2026-08-27 11:54:07,597 - INFO - Progression nettoyage : 2818910/ILLIMITÉ (1911 msg/s, 557036 attaques)
2026-08-27 11:54:09,753 - INFO - Progression nettoyage : 2823910/ILLIMITÉ (1911 msg/s, 557301 attaques)
2026-08-27 11:54:12,046 - INFO - Progression nettoyage : 2828910/ILLIMITÉ (1912 msg/s, 557556 attaques)
2026-08-27 11:54:12,810 - INFO - Progression nettoyage : 2830743/ILLIMITÉ (1912 msg/s, 557646 attaques)
2026-08-27 11:54:20,575 - INFO - Aucun message reçu (poll vide 1/5) - 2830743 traités jusqu'ici.
2026-08-27 11:54:25,577 - INFO - Aucun message reçu (poll vide 2/5) - 2830743 traités jusqu'ici.
2026-08-27 11:54:30,579 - INFO - Aucun message reçu (poll vide 3/5) - 2830743 traités jusqu'ici.
2026-08-27 11:54:35,583 - INFO - Aucun message reçu (poll vide 4/5) - 2830743 traités jusqu'ici.
2026-08-27 11:54:40,585 - INFO - Aucun message reçu (poll vide 5/5) - 2830743 traités jusqu'ici.
2026-08-27 11:54:40,594 - INFO - Nettoyage terminé : 2830743 événements publiés sur 'cleaned-logs' en 1508.4s (557646 attaques détectées dans les labels).
2026-08-27 11:54:40,594 - INFO - Fichier exporté : /app/data/exports/cleaned_logs.jsonl
2026-08-27 11:54:40,596 - INFO - Revoking previously assigned partitions {TopicPartition(topic='raw-logs', partition=0)} for group cleaner-group on close
2026-08-27 11:54:40,597 - INFO - Updated partition assignment: []
2026-08-27 11:54:40,597 - INFO - Leaving consumer group cleaner-group (member kafka-python-3.0.11-18b4e1c0-81e5-4bff-b0ad-cdc5cf1e29d5).
2026-08-27 11:54:40,633 - INFO - LeaveGroup request for group cleaner-group returned successfully
2026-08-27 11:54:40,634 - INFO - <KafkaTCPTransport [172.18.0.2:9092<-35122]>: Closing transport
2026-08-27 11:54:40,635 - INFO - <KafkaConnection node_id=0 broker_version=(3, 1) (disconnected)>: Connection closed
2026-08-27 11:54:40,635 - INFO - Fetch to node 0 failed: Cancelled
2026-08-27 11:54:40,636 - INFO - <KafkaTCPTransport [172.18.0.2:9092<-35136]>: Closing transport
2026-08-27 11:54:40,636 - INFO - <KafkaConnection node_id=coordinator-0 broker_version=(3, 1) (disconnected)>: Connection closed
2026-08-27 11:54:40,636 - INFO - Stopping metadata refresh loop
2026-08-27 11:54:40,637 - INFO - IO loop exited cleanly (client_id=kafka-python-3.0.11, stop=True)
2026-08-27 11:54:40,638 - INFO - <KafkaProducer client_id=kafka-python-producer-1 transactional_id=None>: Closing the Kafka producer with 9223372036.0 secs timeout.
2026-08-27 11:54:40,638 - INFO - <KafkaTCPTransport [172.18.0.2:9092<-35144]>: Closing transport
2026-08-27 11:54:40,638 - INFO - <KafkaConnection node_id=0 broker_version=(3, 1) (disconnected)>: Connection closed
2026-08-27 11:54:40,639 - INFO - Stopping metadata refresh loop
2026-08-27 11:54:40 +0000 - dagster - INFO - realtime_mlsecops_job - a77d0d14-7e68-4f43-b904-1de3c9b9a83d - streaming_cleaning_asset - 2830743 événements nettoyés et publiés.
